Archive member included to satisfy reference by file (symbol)

c:/st/stm32cubeide_1.4.0/stm32cubeide/plugins/com.st.stm32cube.ide.mcu.externaltools.gnu-tools-for-stm32.7-2018-q2-update.win32_1.4.0.202007081208/tools/bin/../lib/gcc/arm-none-eabi/7.3.1/../../../../arm-none-eabi/lib/thumb/v7-m\libc_nano.a(lib_a-errno.o)
                              Src/syscalls.o (__errno)
c:/st/stm32cubeide_1.4.0/stm32cubeide/plugins/com.st.stm32cube.ide.mcu.externaltools.gnu-tools-for-stm32.7-2018-q2-update.win32_1.4.0.202007081208/tools/bin/../lib/gcc/arm-none-eabi/7.3.1/../../../../arm-none-eabi/lib/thumb/v7-m\libc_nano.a(lib_a-exit.o)
                              c:/st/stm32cubeide_1.4.0/stm32cubeide/plugins/com.st.stm32cube.ide.mcu.externaltools.gnu-tools-for-stm32.7-2018-q2-update.win32_1.4.0.202007081208/tools/bin/../lib/gcc/arm-none-eabi/7.3.1/../../../../arm-none-eabi/lib/thumb/v7-m/crt0.o (exit)
c:/st/stm32cubeide_1.4.0/stm32cubeide/plugins/com.st.stm32cube.ide.mcu.externaltools.gnu-tools-for-stm32.7-2018-q2-update.win32_1.4.0.202007081208/tools/bin/../lib/gcc/arm-none-eabi/7.3.1/../../../../arm-none-eabi/lib/thumb/v7-m\libc_nano.a(lib_a-impure.o)
                              c:/st/stm32cubeide_1.4.0/stm32cubeide/plugins/com.st.stm32cube.ide.mcu.externaltools.gnu-tools-for-stm32.7-2018-q2-update.win32_1.4.0.202007081208/tools/bin/../lib/gcc/arm-none-eabi/7.3.1/../../../../arm-none-eabi/lib/thumb/v7-m\libc_nano.a(lib_a-exit.o) (_global_impure_ptr)
c:/st/stm32cubeide_1.4.0/stm32cubeide/plugins/com.st.stm32cube.ide.mcu.externaltools.gnu-tools-for-stm32.7-2018-q2-update.win32_1.4.0.202007081208/tools/bin/../lib/gcc/arm-none-eabi/7.3.1/../../../../arm-none-eabi/lib/thumb/v7-m\libc_nano.a(lib_a-init.o)
                              c:/st/stm32cubeide_1.4.0/stm32cubeide/plugins/com.st.stm32cube.ide.mcu.externaltools.gnu-tools-for-stm32.7-2018-q2-update.win32_1.4.0.202007081208/tools/bin/../lib/gcc/arm-none-eabi/7.3.1/../../../../arm-none-eabi/lib/thumb/v7-m/crt0.o (__libc_init_array)
c:/st/stm32cubeide_1.4.0/stm32cubeide/plugins/com.st.stm32cube.ide.mcu.externaltools.gnu-tools-for-stm32.7-2018-q2-update.win32_1.4.0.202007081208/tools/bin/../lib/gcc/arm-none-eabi/7.3.1/../../../../arm-none-eabi/lib/thumb/v7-m\libc_nano.a(lib_a-memset.o)
                              c:/st/stm32cubeide_1.4.0/stm32cubeide/plugins/com.st.stm32cube.ide.mcu.externaltools.gnu-tools-for-stm32.7-2018-q2-update.win32_1.4.0.202007081208/tools/bin/../lib/gcc/arm-none-eabi/7.3.1/../../../../arm-none-eabi/lib/thumb/v7-m/crt0.o (memset)

Allocating common symbols
Common symbol       size              file

GP_IRQ_CallBack     0x40              STM32F103C6_Drivers/EXTI/STM32F103x8_EXTI_Driver.o

Discarded input sections

 .text          0x0000000000000000        0x0 c:/st/stm32cubeide_1.4.0/stm32cubeide/plugins/com.st.stm32cube.ide.mcu.externaltools.gnu-tools-for-stm32.7-2018-q2-update.win32_1.4.0.202007081208/tools/bin/../lib/gcc/arm-none-eabi/7.3.1/thumb/v7-m/crti.o
 .data          0x0000000000000000        0x0 c:/st/stm32cubeide_1.4.0/stm32cubeide/plugins/com.st.stm32cube.ide.mcu.externaltools.gnu-tools-for-stm32.7-2018-q2-update.win32_1.4.0.202007081208/tools/bin/../lib/gcc/arm-none-eabi/7.3.1/thumb/v7-m/crti.o
 .bss           0x0000000000000000        0x0 c:/st/stm32cubeide_1.4.0/stm32cubeide/plugins/com.st.stm32cube.ide.mcu.externaltools.gnu-tools-for-stm32.7-2018-q2-update.win32_1.4.0.202007081208/tools/bin/../lib/gcc/arm-none-eabi/7.3.1/thumb/v7-m/crti.o
 .data          0x0000000000000000        0x4 c:/st/stm32cubeide_1.4.0/stm32cubeide/plugins/com.st.stm32cube.ide.mcu.externaltools.gnu-tools-for-stm32.7-2018-q2-update.win32_1.4.0.202007081208/tools/bin/../lib/gcc/arm-none-eabi/7.3.1/thumb/v7-m/crtbegin.o
 .text          0x0000000000000000       0x74 c:/st/stm32cubeide_1.4.0/stm32cubeide/plugins/com.st.stm32cube.ide.mcu.externaltools.gnu-tools-for-stm32.7-2018-q2-update.win32_1.4.0.202007081208/tools/bin/../lib/gcc/arm-none-eabi/7.3.1/../../../../arm-none-eabi/lib/thumb/v7-m/crt0.o
 .data          0x0000000000000000        0x0 c:/st/stm32cubeide_1.4.0/stm32cubeide/plugins/com.st.stm32cube.ide.mcu.externaltools.gnu-tools-for-stm32.7-2018-q2-update.win32_1.4.0.202007081208/tools/bin/../lib/gcc/arm-none-eabi/7.3.1/../../../../arm-none-eabi/lib/thumb/v7-m/crt0.o
 .bss           0x0000000000000000        0x0 c:/st/stm32cubeide_1.4.0/stm32cubeide/plugins/com.st.stm32cube.ide.mcu.externaltools.gnu-tools-for-stm32.7-2018-q2-update.win32_1.4.0.202007081208/tools/bin/../lib/gcc/arm-none-eabi/7.3.1/../../../../arm-none-eabi/lib/thumb/v7-m/crt0.o
 .ARM.extab     0x0000000000000000        0x0 c:/st/stm32cubeide_1.4.0/stm32cubeide/plugins/com.st.stm32cube.ide.mcu.externaltools.gnu-tools-for-stm32.7-2018-q2-update.win32_1.4.0.202007081208/tools/bin/../lib/gcc/arm-none-eabi/7.3.1/../../../../arm-none-eabi/lib/thumb/v7-m/crt0.o
 .ARM.exidx     0x0000000000000000        0x8 c:/st/stm32cubeide_1.4.0/stm32cubeide/plugins/com.st.stm32cube.ide.mcu.externaltools.gnu-tools-for-stm32.7-2018-q2-update.win32_1.4.0.202007081208/tools/bin/../lib/gcc/arm-none-eabi/7.3.1/../../../../arm-none-eabi/lib/thumb/v7-m/crt0.o
 .ARM.attributes
                0x0000000000000000       0x1b c:/st/stm32cubeide_1.4.0/stm32cubeide/plugins/com.st.stm32cube.ide.mcu.externaltools.gnu-tools-for-stm32.7-2018-q2-update.win32_1.4.0.202007081208/tools/bin/../lib/gcc/arm-none-eabi/7.3.1/../../../../arm-none-eabi/lib/thumb/v7-m/crt0.o
 .group         0x0000000000000000        0xc STM32F103C6_Drivers/EXTI/STM32F103x8_EXTI_Driver.o
 .group         0x0000000000000000        0xc STM32F103C6_Drivers/EXTI/STM32F103x8_EXTI_Driver.o
 .group         0x0000000000000000        0xc STM32F103C6_Drivers/EXTI/STM32F103x8_EXTI_Driver.o
 .group         0x0000000000000000        0xc STM32F103C6_Drivers/EXTI/STM32F103x8_EXTI_Driver.o
 .group         0x0000000000000000        0xc STM32F103C6_Drivers/EXTI/STM32F103x8_EXTI_Driver.o
 .group         0x0000000000000000        0xc STM32F103C6_Drivers/EXTI/STM32F103x8_EXTI_Driver.o
 .group         0x0000000000000000        0xc STM32F103C6_Drivers/EXTI/STM32F103x8_EXTI_Driver.o
 .group         0x0000000000000000        0xc STM32F103C6_Drivers/EXTI/STM32F103x8_EXTI_Driver.o
 .group         0x0000000000000000        0xc STM32F103C6_Drivers/EXTI/STM32F103x8_EXTI_Driver.o
 .group         0x0000000000000000        0xc STM32F103C6_Drivers/EXTI/STM32F103x8_EXTI_Driver.o
 .group         0x0000000000000000        0xc STM32F103C6_Drivers/EXTI/STM32F103x8_EXTI_Driver.o
 .group         0x0000000000000000        0xc STM32F103C6_Drivers/EXTI/STM32F103x8_EXTI_Driver.o
 .group         0x0000000000000000        0xc STM32F103C6_Drivers/EXTI/STM32F103x8_EXTI_Driver.o
 .group         0x0000000000000000        0xc STM32F103C6_Drivers/EXTI/STM32F103x8_EXTI_Driver.o
 .group         0x0000000000000000        0xc STM32F103C6_Drivers/EXTI/STM32F103x8_EXTI_Driver.o
 .group         0x0000000000000000        0xc STM32F103C6_Drivers/EXTI/STM32F103x8_EXTI_Driver.o
 .group         0x0000000000000000        0xc STM32F103C6_Drivers/EXTI/STM32F103x8_EXTI_Driver.o
 .group         0x0000000000000000        0xc STM32F103C6_Drivers/EXTI/STM32F103x8_EXTI_Driver.o
 .group         0x0000000000000000        0xc STM32F103C6_Drivers/EXTI/STM32F103x8_EXTI_Driver.o
 .group         0x0000000000000000        0xc STM32F103C6_Drivers/EXTI/STM32F103x8_EXTI_Driver.o
 .group         0x0000000000000000        0xc STM32F103C6_Drivers/EXTI/STM32F103x8_EXTI_Driver.o
 .group         0x0000000000000000        0xc STM32F103C6_Drivers/EXTI/STM32F103x8_EXTI_Driver.o
 .group         0x0000000000000000        0xc STM32F103C6_Drivers/EXTI/STM32F103x8_EXTI_Driver.o
 .group         0x0000000000000000        0xc STM32F103C6_Drivers/EXTI/STM32F103x8_EXTI_Driver.o
 .group         0x0000000000000000        0xc STM32F103C6_Drivers/EXTI/STM32F103x8_EXTI_Driver.o
 .text          0x0000000000000000        0x0 STM32F103C6_Drivers/EXTI/STM32F103x8_EXTI_Driver.o
 .data          0x0000000000000000        0x0 STM32F103C6_Drivers/EXTI/STM32F103x8_EXTI_Driver.o
 .bss           0x0000000000000000        0x0 STM32F103C6_Drivers/EXTI/STM32F103x8_EXTI_Driver.o
 .text.Enable_NVIC
                0x0000000000000000       0xcc STM32F103C6_Drivers/EXTI/STM32F103x8_EXTI_Driver.o
 .text.Disable_NVIC
                0x0000000000000000       0xcc STM32F103C6_Drivers/EXTI/STM32F103x8_EXTI_Driver.o
 .text.Update_EXTI
                0x0000000000000000      0x1d4 STM32F103C6_Drivers/EXTI/STM32F103x8_EXTI_Driver.o
 .text.MCAL_EXTI_GPIO_Init
                0x0000000000000000       0x16 STM32F103C6_Drivers/EXTI/STM32F103x8_EXTI_Driver.o
 .text.MCAL_EXTI_GPIO_DeInit
                0x0000000000000000       0x94 STM32F103C6_Drivers/EXTI/STM32F103x8_EXTI_Driver.o
 .text.MCAL_EXTI_GPIO_Update
                0x0000000000000000       0x16 STM32F103C6_Drivers/EXTI/STM32F103x8_EXTI_Driver.o
 .group         0x0000000000000000        0xc STM32F103C6_Drivers/GPIO/STM32F103x8_GPIO_Driver.o
 .group         0x0000000000000000        0xc STM32F103C6_Drivers/GPIO/STM32F103x8_GPIO_Driver.o
 .group         0x0000000000000000        0xc STM32F103C6_Drivers/GPIO/STM32F103x8_GPIO_Driver.o
 .group         0x0000000000000000        0xc STM32F103C6_Drivers/GPIO/STM32F103x8_GPIO_Driver.o
 .group         0x0000000000000000        0xc STM32F103C6_Drivers/GPIO/STM32F103x8_GPIO_Driver.o
 .group         0x0000000000000000        0xc STM32F103C6_Drivers/GPIO/STM32F103x8_GPIO_Driver.o
 .group         0x0000000000000000        0xc STM32F103C6_Drivers/GPIO/STM32F103x8_GPIO_Driver.o
 .group         0x0000000000000000        0xc STM32F103C6_Drivers/GPIO/STM32F103x8_GPIO_Driver.o
 .group         0x0000000000000000        0xc STM32F103C6_Drivers/GPIO/STM32F103x8_GPIO_Driver.o
 .group         0x0000000000000000        0xc STM32F103C6_Drivers/GPIO/STM32F103x8_GPIO_Driver.o
 .group         0x0000000000000000        0xc STM32F103C6_Drivers/GPIO/STM32F103x8_GPIO_Driver.o
 .group         0x0000000000000000        0xc STM32F103C6_Drivers/GPIO/STM32F103x8_GPIO_Driver.o
 .group         0x0000000000000000        0xc STM32F103C6_Drivers/GPIO/STM32F103x8_GPIO_Driver.o
 .group         0x0000000000000000        0xc STM32F103C6_Drivers/GPIO/STM32F103x8_GPIO_Driver.o
 .group         0x0000000000000000        0xc STM32F103C6_Drivers/GPIO/STM32F103x8_GPIO_Driver.o
 .group         0x0000000000000000        0xc STM32F103C6_Drivers/GPIO/STM32F103x8_GPIO_Driver.o
 .group         0x0000000000000000        0xc STM32F103C6_Drivers/GPIO/STM32F103x8_GPIO_Driver.o
 .group         0x0000000000000000        0xc STM32F103C6_Drivers/GPIO/STM32F103x8_GPIO_Driver.o
 .group         0x0000000000000000        0xc STM32F103C6_Drivers/GPIO/STM32F103x8_GPIO_Driver.o
 .group         0x0000000000000000        0xc STM32F103C6_Drivers/GPIO/STM32F103x8_GPIO_Driver.o
 .group         0x0000000000000000        0xc STM32F103C6_Drivers/GPIO/STM32F103x8_GPIO_Driver.o
 .group         0x0000000000000000        0xc STM32F103C6_Drivers/GPIO/STM32F103x8_GPIO_Driver.o
 .group         0x0000000000000000        0xc STM32F103C6_Drivers/GPIO/STM32F103x8_GPIO_Driver.o
 .group         0x0000000000000000        0xc STM32F103C6_Drivers/GPIO/STM32F103x8_GPIO_Driver.o
 .text          0x0000000000000000        0x0 STM32F103C6_Drivers/GPIO/STM32F103x8_GPIO_Driver.o
 .data          0x0000000000000000        0x0 STM32F103C6_Drivers/GPIO/STM32F103x8_GPIO_Driver.o
 .bss           0x0000000000000000        0x0 STM32F103C6_Drivers/GPIO/STM32F103x8_GPIO_Driver.o
 .text.MCAL_GPIO_DeInit
                0x0000000000000000       0xc8 STM32F103C6_Drivers/GPIO/STM32F103x8_GPIO_Driver.o
 .text.MCAL_GPIO_ReadPort
                0x0000000000000000       0x18 STM32F103C6_Drivers/GPIO/STM32F103x8_GPIO_Driver.o
 .text.MCAL_GPIO_WritePin
                0x0000000000000000       0x2e STM32F103C6_Drivers/GPIO/STM32F103x8_GPIO_Driver.o
 .text.MCAL_GPIO_WritePort
                0x0000000000000000       0x1c STM32F103C6_Drivers/GPIO/STM32F103x8_GPIO_Driver.o
 .text.MCAL_GPIO_LockPin
                0x0000000000000000       0x4e STM32F103C6_Drivers/GPIO/STM32F103x8_GPIO_Driver.o
 .debug_macro   0x0000000000000000      0xa60 STM32F103C6_Drivers/GPIO/STM32F103x8_GPIO_Driver.o
 .debug_macro   0x0000000000000000       0x18 STM32F103C6_Drivers/GPIO/STM32F103x8_GPIO_Driver.o
 .debug_macro   0x0000000000000000       0x22 STM32F103C6_Drivers/GPIO/STM32F103x8_GPIO_Driver.o
 .debug_macro   0x0000000000000000       0x40 STM32F103C6_Drivers/GPIO/STM32F103x8_GPIO_Driver.o
 .debug_macro   0x0000000000000000       0x94 STM32F103C6_Drivers/GPIO/STM32F103x8_GPIO_Driver.o
 .debug_macro   0x0000000000000000       0x3c STM32F103C6_Drivers/GPIO/STM32F103x8_GPIO_Driver.o
 .debug_macro   0x0000000000000000       0x34 STM32F103C6_Drivers/GPIO/STM32F103x8_GPIO_Driver.o
 .debug_macro   0x0000000000000000       0x16 STM32F103C6_Drivers/GPIO/STM32F103x8_GPIO_Driver.o
 .debug_macro   0x0000000000000000      0x10e STM32F103C6_Drivers/GPIO/STM32F103x8_GPIO_Driver.o
 .debug_macro   0x0000000000000000       0x8d STM32F103C6_Drivers/GPIO/STM32F103x8_GPIO_Driver.o
 .debug_macro   0x0000000000000000       0x57 STM32F103C6_Drivers/GPIO/STM32F103x8_GPIO_Driver.o
 .debug_macro   0x0000000000000000       0x52 STM32F103C6_Drivers/GPIO/STM32F103x8_GPIO_Driver.o
 .debug_macro   0x0000000000000000       0x1f STM32F103C6_Drivers/GPIO/STM32F103x8_GPIO_Driver.o
 .debug_macro   0x0000000000000000       0x43 STM32F103C6_Drivers/GPIO/STM32F103x8_GPIO_Driver.o
 .debug_macro   0x0000000000000000       0x20 STM32F103C6_Drivers/GPIO/STM32F103x8_GPIO_Driver.o
 .debug_macro   0x0000000000000000      0x1a3 STM32F103C6_Drivers/GPIO/STM32F103x8_GPIO_Driver.o
 .debug_macro   0x0000000000000000      0x330 STM32F103C6_Drivers/GPIO/STM32F103x8_GPIO_Driver.o
 .debug_macro   0x0000000000000000       0x16 STM32F103C6_Drivers/GPIO/STM32F103x8_GPIO_Driver.o
 .debug_macro   0x0000000000000000       0x29 STM32F103C6_Drivers/GPIO/STM32F103x8_GPIO_Driver.o
 .debug_macro   0x0000000000000000       0xef STM32F103C6_Drivers/GPIO/STM32F103x8_GPIO_Driver.o
 .debug_macro   0x0000000000000000       0x6a STM32F103C6_Drivers/GPIO/STM32F103x8_GPIO_Driver.o
 .debug_macro   0x0000000000000000      0x1df STM32F103C6_Drivers/GPIO/STM32F103x8_GPIO_Driver.o
 .debug_macro   0x0000000000000000      0x2a0 STM32F103C6_Drivers/GPIO/STM32F103x8_GPIO_Driver.o
 .group         0x0000000000000000        0xc STM32F103C6_Drivers/RCC/STM32F103x8_RCC_Driver.o
 .group         0x0000000000000000        0xc STM32F103C6_Drivers/RCC/STM32F103x8_RCC_Driver.o
 .group         0x0000000000000000        0xc STM32F103C6_Drivers/RCC/STM32F103x8_RCC_Driver.o
 .group         0x0000000000000000        0xc STM32F103C6_Drivers/RCC/STM32F103x8_RCC_Driver.o
 .group         0x0000000000000000        0xc STM32F103C6_Drivers/RCC/STM32F103x8_RCC_Driver.o
 .group         0x0000000000000000        0xc STM32F103C6_Drivers/RCC/STM32F103x8_RCC_Driver.o
 .group         0x0000000000000000        0xc STM32F103C6_Drivers/RCC/STM32F103x8_RCC_Driver.o
 .group         0x0000000000000000        0xc STM32F103C6_Drivers/RCC/STM32F103x8_RCC_Driver.o
 .group         0x0000000000000000        0xc STM32F103C6_Drivers/RCC/STM32F103x8_RCC_Driver.o
 .group         0x0000000000000000        0xc STM32F103C6_Drivers/RCC/STM32F103x8_RCC_Driver.o
 .group         0x0000000000000000        0xc STM32F103C6_Drivers/RCC/STM32F103x8_RCC_Driver.o
 .group         0x0000000000000000        0xc STM32F103C6_Drivers/RCC/STM32F103x8_RCC_Driver.o
 .group         0x0000000000000000        0xc STM32F103C6_Drivers/RCC/STM32F103x8_RCC_Driver.o
 .group         0x0000000000000000        0xc STM32F103C6_Drivers/RCC/STM32F103x8_RCC_Driver.o
 .group         0x0000000000000000        0xc STM32F103C6_Drivers/RCC/STM32F103x8_RCC_Driver.o
 .group         0x0000000000000000        0xc STM32F103C6_Drivers/RCC/STM32F103x8_RCC_Driver.o
 .group         0x0000000000000000        0xc STM32F103C6_Drivers/RCC/STM32F103x8_RCC_Driver.o
 .group         0x0000000000000000        0xc STM32F103C6_Drivers/RCC/STM32F103x8_RCC_Driver.o
 .group         0x0000000000000000        0xc STM32F103C6_Drivers/RCC/STM32F103x8_RCC_Driver.o
 .group         0x0000000000000000        0xc STM32F103C6_Drivers/RCC/STM32F103x8_RCC_Driver.o
 .group         0x0000000000000000        0xc STM32F103C6_Drivers/RCC/STM32F103x8_RCC_Driver.o
 .group         0x0000000000000000        0xc STM32F103C6_Drivers/RCC/STM32F103x8_RCC_Driver.o
 .group         0x0000000000000000        0xc STM32F103C6_Drivers/RCC/STM32F103x8_RCC_Driver.o
 .group         0x0000000000000000        0xc STM32F103C6_Drivers/RCC/STM32F103x8_RCC_Driver.o
 .group         0x0000000000000000        0xc STM32F103C6_Drivers/RCC/STM32F103x8_RCC_Driver.o
 .text          0x0000000000000000        0x0 STM32F103C6_Drivers/RCC/STM32F103x8_RCC_Driver.o
 .data          0x0000000000000000        0x0 STM32F103C6_Drivers/RCC/STM32F103x8_RCC_Driver.o
 .bss           0x0000000000000000        0x0 STM32F103C6_Drivers/RCC/STM32F103x8_RCC_Driver.o
 .rodata.AHB_PrescTable
                0x0000000000000000       0x10 STM32F103C6_Drivers/RCC/STM32F103x8_RCC_Driver.o
 .rodata.APB_PrescTable
                0x0000000000000000        0x8 STM32F103C6_Drivers/RCC/STM32F103x8_RCC_Driver.o
 .text.MCAL_RCC_GetSYSCLKFreq
                0x0000000000000000       0x48 STM32F103C6_Drivers/RCC/STM32F103x8_RCC_Driver.o
 .text.MCAL_RCC_GetHCLKFreq
                0x0000000000000000       0x28 STM32F103C6_Drivers/RCC/STM32F103x8_RCC_Driver.o
 .text.MCAL_RCC_GetPCLK1Freq
                0x0000000000000000       0x28 STM32F103C6_Drivers/RCC/STM32F103x8_RCC_Driver.o
 .text.MCAL_RCC_GetPCLK2Freq
                0x0000000000000000       0x28 STM32F103C6_Drivers/RCC/STM32F103x8_RCC_Driver.o
 .debug_info    0x0000000000000000      0xb18 STM32F103C6_Drivers/RCC/STM32F103x8_RCC_Driver.o
 .debug_abbrev  0x0000000000000000      0x1aa STM32F103C6_Drivers/RCC/STM32F103x8_RCC_Driver.o
 .debug_loc     0x0000000000000000       0xe0 STM32F103C6_Drivers/RCC/STM32F103x8_RCC_Driver.o
 .debug_aranges
                0x0000000000000000       0x38 STM32F103C6_Drivers/RCC/STM32F103x8_RCC_Driver.o
 .debug_ranges  0x0000000000000000       0x28 STM32F103C6_Drivers/RCC/STM32F103x8_RCC_Driver.o
 .debug_macro   0x0000000000000000      0x148 STM32F103C6_Drivers/RCC/STM32F103x8_RCC_Driver.o
 .debug_macro   0x0000000000000000      0xa60 STM32F103C6_Drivers/RCC/STM32F103x8_RCC_Driver.o
 .debug_macro   0x0000000000000000       0x18 STM32F103C6_Drivers/RCC/STM32F103x8_RCC_Driver.o
 .debug_macro   0x0000000000000000       0x22 STM32F103C6_Drivers/RCC/STM32F103x8_RCC_Driver.o
 .debug_macro   0x0000000000000000       0x40 STM32F103C6_Drivers/RCC/STM32F103x8_RCC_Driver.o
 .debug_macro   0x0000000000000000       0x94 STM32F103C6_Drivers/RCC/STM32F103x8_RCC_Driver.o
 .debug_macro   0x0000000000000000       0x3c STM32F103C6_Drivers/RCC/STM32F103x8_RCC_Driver.o
 .debug_macro   0x0000000000000000       0x34 STM32F103C6_Drivers/RCC/STM32F103x8_RCC_Driver.o
 .debug_macro   0x0000000000000000       0x16 STM32F103C6_Drivers/RCC/STM32F103x8_RCC_Driver.o
 .debug_macro   0x0000000000000000      0x10e STM32F103C6_Drivers/RCC/STM32F103x8_RCC_Driver.o
 .debug_macro   0x0000000000000000       0x8d STM32F103C6_Drivers/RCC/STM32F103x8_RCC_Driver.o
 .debug_macro   0x0000000000000000       0x57 STM32F103C6_Drivers/RCC/STM32F103x8_RCC_Driver.o
 .debug_macro   0x0000000000000000       0x52 STM32F103C6_Drivers/RCC/STM32F103x8_RCC_Driver.o
 .debug_macro   0x0000000000000000       0x1f STM32F103C6_Drivers/RCC/STM32F103x8_RCC_Driver.o
 .debug_macro   0x0000000000000000       0x43 STM32F103C6_Drivers/RCC/STM32F103x8_RCC_Driver.o
 .debug_macro   0x0000000000000000       0x20 STM32F103C6_Drivers/RCC/STM32F103x8_RCC_Driver.o
 .debug_macro   0x0000000000000000      0x1a3 STM32F103C6_Drivers/RCC/STM32F103x8_RCC_Driver.o
 .debug_macro   0x0000000000000000      0x330 STM32F103C6_Drivers/RCC/STM32F103x8_RCC_Driver.o
 .debug_macro   0x0000000000000000       0x16 STM32F103C6_Drivers/RCC/STM32F103x8_RCC_Driver.o
 .debug_macro   0x0000000000000000       0x29 STM32F103C6_Drivers/RCC/STM32F103x8_RCC_Driver.o
 .debug_macro   0x0000000000000000       0xef STM32F103C6_Drivers/RCC/STM32F103x8_RCC_Driver.o
 .debug_macro   0x0000000000000000       0x6a STM32F103C6_Drivers/RCC/STM32F103x8_RCC_Driver.o
 .debug_macro   0x0000000000000000      0x1df STM32F103C6_Drivers/RCC/STM32F103x8_RCC_Driver.o
 .debug_macro   0x0000000000000000      0x2a0 STM32F103C6_Drivers/RCC/STM32F103x8_RCC_Driver.o
 .debug_macro   0x0000000000000000       0xd0 STM32F103C6_Drivers/RCC/STM32F103x8_RCC_Driver.o
 .debug_macro   0x0000000000000000       0x10 STM32F103C6_Drivers/RCC/STM32F103x8_RCC_Driver.o
 .debug_line    0x0000000000000000      0x5c7 STM32F103C6_Drivers/RCC/STM32F103x8_RCC_Driver.o
 .debug_str     0x0000000000000000     0x835e STM32F103C6_Drivers/RCC/STM32F103x8_RCC_Driver.o
 .comment       0x0000000000000000       0x7c STM32F103C6_Drivers/RCC/STM32F103x8_RCC_Driver.o
 .debug_frame   0x0000000000000000       0x8c STM32F103C6_Drivers/RCC/STM32F103x8_RCC_Driver.o
 .ARM.attributes
                0x0000000000000000       0x33 STM32F103C6_Drivers/RCC/STM32F103x8_RCC_Driver.o
 .group         0x0000000000000000        0xc STM32F103C6_Drivers/SPI/STM32F103x8_SPI_Driver.o
 .group         0x0000000000000000        0xc STM32F103C6_Drivers/SPI/STM32F103x8_SPI_Driver.o
 .group         0x0000000000000000        0xc STM32F103C6_Drivers/SPI/STM32F103x8_SPI_Driver.o
 .group         0x0000000000000000        0xc STM32F103C6_Drivers/SPI/STM32F103x8_SPI_Driver.o
 .group         0x0000000000000000        0xc STM32F103C6_Drivers/SPI/STM32F103x8_SPI_Driver.o
 .group         0x0000000000000000        0xc STM32F103C6_Drivers/SPI/STM32F103x8_SPI_Driver.o
 .group         0x0000000000000000        0xc STM32F103C6_Drivers/SPI/STM32F103x8_SPI_Driver.o
 .group         0x0000000000000000        0xc STM32F103C6_Drivers/SPI/STM32F103x8_SPI_Driver.o
 .group         0x0000000000000000        0xc STM32F103C6_Drivers/SPI/STM32F103x8_SPI_Driver.o
 .group         0x0000000000000000        0xc STM32F103C6_Drivers/SPI/STM32F103x8_SPI_Driver.o
 .group         0x0000000000000000        0xc STM32F103C6_Drivers/SPI/STM32F103x8_SPI_Driver.o
 .group         0x0000000000000000        0xc STM32F103C6_Drivers/SPI/STM32F103x8_SPI_Driver.o
 .group         0x0000000000000000        0xc STM32F103C6_Drivers/SPI/STM32F103x8_SPI_Driver.o
 .group         0x0000000000000000        0xc STM32F103C6_Drivers/SPI/STM32F103x8_SPI_Driver.o
 .group         0x0000000000000000        0xc STM32F103C6_Drivers/SPI/STM32F103x8_SPI_Driver.o
 .group         0x0000000000000000        0xc STM32F103C6_Drivers/SPI/STM32F103x8_SPI_Driver.o
 .group         0x0000000000000000        0xc STM32F103C6_Drivers/SPI/STM32F103x8_SPI_Driver.o
 .group         0x0000000000000000        0xc STM32F103C6_Drivers/SPI/STM32F103x8_SPI_Driver.o
 .group         0x0000000000000000        0xc STM32F103C6_Drivers/SPI/STM32F103x8_SPI_Driver.o
 .group         0x0000000000000000        0xc STM32F103C6_Drivers/SPI/STM32F103x8_SPI_Driver.o
 .group         0x0000000000000000        0xc STM32F103C6_Drivers/SPI/STM32F103x8_SPI_Driver.o
 .group         0x0000000000000000        0xc STM32F103C6_Drivers/SPI/STM32F103x8_SPI_Driver.o
 .group         0x0000000000000000        0xc STM32F103C6_Drivers/SPI/STM32F103x8_SPI_Driver.o
 .group         0x0000000000000000        0xc STM32F103C6_Drivers/SPI/STM32F103x8_SPI_Driver.o
 .group         0x0000000000000000        0xc STM32F103C6_Drivers/SPI/STM32F103x8_SPI_Driver.o
 .text          0x0000000000000000        0x0 STM32F103C6_Drivers/SPI/STM32F103x8_SPI_Driver.o
 .data          0x0000000000000000        0x0 STM32F103C6_Drivers/SPI/STM32F103x8_SPI_Driver.o
 .bss           0x0000000000000000        0x0 STM32F103C6_Drivers/SPI/STM32F103x8_SPI_Driver.o
 .text.MCAL_SPI_Init
                0x0000000000000000      0x118 STM32F103C6_Drivers/SPI/STM32F103x8_SPI_Driver.o
 .text.MCAL_SPI_Deinit
                0x0000000000000000       0x64 STM32F103C6_Drivers/SPI/STM32F103x8_SPI_Driver.o
 .text.MCAL_SPI_SendData
                0x0000000000000000       0x36 STM32F103C6_Drivers/SPI/STM32F103x8_SPI_Driver.o
 .text.MCAL_SPI_ReceiveData
                0x0000000000000000       0x36 STM32F103C6_Drivers/SPI/STM32F103x8_SPI_Driver.o
 .text.MCAL_SPI_TX_RX
                0x0000000000000000       0x54 STM32F103C6_Drivers/SPI/STM32F103x8_SPI_Driver.o
 .text.MCAL_SPI_GPIO_SET_PINs
                0x0000000000000000      0x1ec STM32F103C6_Drivers/SPI/STM32F103x8_SPI_Driver.o
 .debug_macro   0x0000000000000000      0xa60 STM32F103C6_Drivers/SPI/STM32F103x8_SPI_Driver.o
 .debug_macro   0x0000000000000000       0x18 STM32F103C6_Drivers/SPI/STM32F103x8_SPI_Driver.o
 .debug_macro   0x0000000000000000       0x22 STM32F103C6_Drivers/SPI/STM32F103x8_SPI_Driver.o
 .debug_macro   0x0000000000000000       0x40 STM32F103C6_Drivers/SPI/STM32F103x8_SPI_Driver.o
 .debug_macro   0x0000000000000000       0x94 STM32F103C6_Drivers/SPI/STM32F103x8_SPI_Driver.o
 .debug_macro   0x0000000000000000       0x3c STM32F103C6_Drivers/SPI/STM32F103x8_SPI_Driver.o
 .debug_macro   0x0000000000000000       0x34 STM32F103C6_Drivers/SPI/STM32F103x8_SPI_Driver.o
 .debug_macro   0x0000000000000000       0x16 STM32F103C6_Drivers/SPI/STM32F103x8_SPI_Driver.o
 .debug_macro   0x0000000000000000      0x10e STM32F103C6_Drivers/SPI/STM32F103x8_SPI_Driver.o
 .debug_macro   0x0000000000000000       0x8d STM32F103C6_Drivers/SPI/STM32F103x8_SPI_Driver.o
 .debug_macro   0x0000000000000000       0x57 STM32F103C6_Drivers/SPI/STM32F103x8_SPI_Driver.o
 .debug_macro   0x0000000000000000       0x52 STM32F103C6_Drivers/SPI/STM32F103x8_SPI_Driver.o
 .debug_macro   0x0000000000000000       0x1f STM32F103C6_Drivers/SPI/STM32F103x8_SPI_Driver.o
 .debug_macro   0x0000000000000000       0x43 STM32F103C6_Drivers/SPI/STM32F103x8_SPI_Driver.o
 .debug_macro   0x0000000000000000       0x20 STM32F103C6_Drivers/SPI/STM32F103x8_SPI_Driver.o
 .debug_macro   0x0000000000000000      0x1a3 STM32F103C6_Drivers/SPI/STM32F103x8_SPI_Driver.o
 .debug_macro   0x0000000000000000      0x330 STM32F103C6_Drivers/SPI/STM32F103x8_SPI_Driver.o
 .debug_macro   0x0000000000000000       0x16 STM32F103C6_Drivers/SPI/STM32F103x8_SPI_Driver.o
 .debug_macro   0x0000000000000000       0x29 STM32F103C6_Drivers/SPI/STM32F103x8_SPI_Driver.o
 .debug_macro   0x0000000000000000       0xef STM32F103C6_Drivers/SPI/STM32F103x8_SPI_Driver.o
 .debug_macro   0x0000000000000000       0x6a STM32F103C6_Drivers/SPI/STM32F103x8_SPI_Driver.o
 .debug_macro   0x0000000000000000      0x1df STM32F103C6_Drivers/SPI/STM32F103x8_SPI_Driver.o
 .debug_macro   0x0000000000000000      0x2a0 STM32F103C6_Drivers/SPI/STM32F103x8_SPI_Driver.o
 .debug_macro   0x0000000000000000       0xd0 STM32F103C6_Drivers/SPI/STM32F103x8_SPI_Driver.o
 .group         0x0000000000000000        0xc STM32F103C6_Drivers/USART/STM32F103x8_USART_Driver.o
 .group         0x0000000000000000        0xc STM32F103C6_Drivers/USART/STM32F103x8_USART_Driver.o
 .group         0x0000000000000000        0xc STM32F103C6_Drivers/USART/STM32F103x8_USART_Driver.o
 .group         0x0000000000000000        0xc STM32F103C6_Drivers/USART/STM32F103x8_USART_Driver.o
 .group         0x0000000000000000        0xc STM32F103C6_Drivers/USART/STM32F103x8_USART_Driver.o
 .group         0x0000000000000000        0xc STM32F103C6_Drivers/USART/STM32F103x8_USART_Driver.o
 .group         0x0000000000000000        0xc STM32F103C6_Drivers/USART/STM32F103x8_USART_Driver.o
 .group         0x0000000000000000        0xc STM32F103C6_Drivers/USART/STM32F103x8_USART_Driver.o
 .group         0x0000000000000000        0xc STM32F103C6_Drivers/USART/STM32F103x8_USART_Driver.o
 .group         0x0000000000000000        0xc STM32F103C6_Drivers/USART/STM32F103x8_USART_Driver.o
 .group         0x0000000000000000        0xc STM32F103C6_Drivers/USART/STM32F103x8_USART_Driver.o
 .group         0x0000000000000000        0xc STM32F103C6_Drivers/USART/STM32F103x8_USART_Driver.o
 .group         0x0000000000000000        0xc STM32F103C6_Drivers/USART/STM32F103x8_USART_Driver.o
 .group         0x0000000000000000        0xc STM32F103C6_Drivers/USART/STM32F103x8_USART_Driver.o
 .group         0x0000000000000000        0xc STM32F103C6_Drivers/USART/STM32F103x8_USART_Driver.o
 .group         0x0000000000000000        0xc STM32F103C6_Drivers/USART/STM32F103x8_USART_Driver.o
 .group         0x0000000000000000        0xc STM32F103C6_Drivers/USART/STM32F103x8_USART_Driver.o
 .group         0x0000000000000000        0xc STM32F103C6_Drivers/USART/STM32F103x8_USART_Driver.o
 .group         0x0000000000000000        0xc STM32F103C6_Drivers/USART/STM32F103x8_USART_Driver.o
 .group         0x0000000000000000        0xc STM32F103C6_Drivers/USART/STM32F103x8_USART_Driver.o
 .group         0x0000000000000000        0xc STM32F103C6_Drivers/USART/STM32F103x8_USART_Driver.o
 .group         0x0000000000000000        0xc STM32F103C6_Drivers/USART/STM32F103x8_USART_Driver.o
 .group         0x0000000000000000        0xc STM32F103C6_Drivers/USART/STM32F103x8_USART_Driver.o
 .group         0x0000000000000000        0xc STM32F103C6_Drivers/USART/STM32F103x8_USART_Driver.o
 .group         0x0000000000000000        0xc STM32F103C6_Drivers/USART/STM32F103x8_USART_Driver.o
 .group         0x0000000000000000        0xc STM32F103C6_Drivers/USART/STM32F103x8_USART_Driver.o
 .text          0x0000000000000000        0x0 STM32F103C6_Drivers/USART/STM32F103x8_USART_Driver.o
 .data          0x0000000000000000        0x0 STM32F103C6_Drivers/USART/STM32F103x8_USART_Driver.o
 .bss           0x0000000000000000        0x0 STM32F103C6_Drivers/USART/STM32F103x8_USART_Driver.o
 .bss.Global_USART_Config
                0x0000000000000000        0xc STM32F103C6_Drivers/USART/STM32F103x8_USART_Driver.o
 .text.MCAL_USART_Init
                0x0000000000000000      0x190 STM32F103C6_Drivers/USART/STM32F103x8_USART_Driver.o
 .text.MCAL_USART_DeInit
                0x0000000000000000       0x8c STM32F103C6_Drivers/USART/STM32F103x8_USART_Driver.o
 .text.MCAL_USART_GPIO_Set_Pins
                0x0000000000000000       0xcc STM32F103C6_Drivers/USART/STM32F103x8_USART_Driver.o
 .text.MCAL_USART_SendData
                0x0000000000000000       0x74 STM32F103C6_Drivers/USART/STM32F103x8_USART_Driver.o
 .text.MCAL_USART_ReceiveData
                0x0000000000000000       0xd8 STM32F103C6_Drivers/USART/STM32F103x8_USART_Driver.o
 .text.MCAL_USART_Wait_Tc
                0x0000000000000000       0x20 STM32F103C6_Drivers/USART/STM32F103x8_USART_Driver.o
 .debug_info    0x0000000000000000      0xdcd STM32F103C6_Drivers/USART/STM32F103x8_USART_Driver.o
 .debug_abbrev  0x0000000000000000      0x214 STM32F103C6_Drivers/USART/STM32F103x8_USART_Driver.o
 .debug_loc     0x0000000000000000      0x210 STM32F103C6_Drivers/USART/STM32F103x8_USART_Driver.o
 .debug_aranges
                0x0000000000000000       0x48 STM32F103C6_Drivers/USART/STM32F103x8_USART_Driver.o
 .debug_ranges  0x0000000000000000       0x38 STM32F103C6_Drivers/USART/STM32F103x8_USART_Driver.o
 .debug_macro   0x0000000000000000      0x151 STM32F103C6_Drivers/USART/STM32F103x8_USART_Driver.o
 .debug_macro   0x0000000000000000      0xa60 STM32F103C6_Drivers/USART/STM32F103x8_USART_Driver.o
 .debug_macro   0x0000000000000000       0x18 STM32F103C6_Drivers/USART/STM32F103x8_USART_Driver.o
 .debug_macro   0x0000000000000000       0x22 STM32F103C6_Drivers/USART/STM32F103x8_USART_Driver.o
 .debug_macro   0x0000000000000000       0x40 STM32F103C6_Drivers/USART/STM32F103x8_USART_Driver.o
 .debug_macro   0x0000000000000000       0x94 STM32F103C6_Drivers/USART/STM32F103x8_USART_Driver.o
 .debug_macro   0x0000000000000000       0x3c STM32F103C6_Drivers/USART/STM32F103x8_USART_Driver.o
 .debug_macro   0x0000000000000000       0x34 STM32F103C6_Drivers/USART/STM32F103x8_USART_Driver.o
 .debug_macro   0x0000000000000000       0x16 STM32F103C6_Drivers/USART/STM32F103x8_USART_Driver.o
 .debug_macro   0x0000000000000000      0x10e STM32F103C6_Drivers/USART/STM32F103x8_USART_Driver.o
 .debug_macro   0x0000000000000000       0x8d STM32F103C6_Drivers/USART/STM32F103x8_USART_Driver.o
 .debug_macro   0x0000000000000000       0x57 STM32F103C6_Drivers/USART/STM32F103x8_USART_Driver.o
 .debug_macro   0x0000000000000000       0x52 STM32F103C6_Drivers/USART/STM32F103x8_USART_Driver.o
 .debug_macro   0x0000000000000000       0x1f STM32F103C6_Drivers/USART/STM32F103x8_USART_Driver.o
 .debug_macro   0x0000000000000000       0x43 STM32F103C6_Drivers/USART/STM32F103x8_USART_Driver.o
 .debug_macro   0x0000000000000000       0x20 STM32F103C6_Drivers/USART/STM32F103x8_USART_Driver.o
 .debug_macro   0x0000000000000000      0x1a3 STM32F103C6_Drivers/USART/STM32F103x8_USART_Driver.o
 .debug_macro   0x0000000000000000      0x330 STM32F103C6_Drivers/USART/STM32F103x8_USART_Driver.o
 .debug_macro   0x0000000000000000       0x16 STM32F103C6_Drivers/USART/STM32F103x8_USART_Driver.o
 .debug_macro   0x0000000000000000       0x29 STM32F103C6_Drivers/USART/STM32F103x8_USART_Driver.o
 .debug_macro   0x0000000000000000       0xef STM32F103C6_Drivers/USART/STM32F103x8_USART_Driver.o
 .debug_macro   0x0000000000000000       0x6a STM32F103C6_Drivers/USART/STM32F103x8_USART_Driver.o
 .debug_macro   0x0000000000000000      0x1df STM32F103C6_Drivers/USART/STM32F103x8_USART_Driver.o
 .debug_macro   0x0000000000000000      0x2a0 STM32F103C6_Drivers/USART/STM32F103x8_USART_Driver.o
 .debug_macro   0x0000000000000000       0xd0 STM32F103C6_Drivers/USART/STM32F103x8_USART_Driver.o
 .debug_macro   0x0000000000000000       0x16 STM32F103C6_Drivers/USART/STM32F103x8_USART_Driver.o
 .debug_macro   0x0000000000000000       0xea STM32F103C6_Drivers/USART/STM32F103x8_USART_Driver.o
 .debug_line    0x0000000000000000      0x6a8 STM32F103C6_Drivers/USART/STM32F103x8_USART_Driver.o
 .debug_str     0x0000000000000000     0x8b71 STM32F103C6_Drivers/USART/STM32F103x8_USART_Driver.o
 .comment       0x0000000000000000       0x7c STM32F103C6_Drivers/USART/STM32F103x8_USART_Driver.o
 .debug_frame   0x0000000000000000       0xf8 STM32F103C6_Drivers/USART/STM32F103x8_USART_Driver.o
 .ARM.attributes
                0x0000000000000000       0x33 STM32F103C6_Drivers/USART/STM32F103x8_USART_Driver.o
 .group         0x0000000000000000        0xc Src/main.o
 .group         0x0000000000000000        0xc Src/main.o
 .group         0x0000000000000000        0xc Src/main.o
 .group         0x0000000000000000        0xc Src/main.o
 .group         0x0000000000000000        0xc Src/main.o
 .group         0x0000000000000000        0xc Src/main.o
 .group         0x0000000000000000        0xc Src/main.o
 .group         0x0000000000000000        0xc Src/main.o
 .group         0x0000000000000000        0xc Src/main.o
 .group         0x0000000000000000        0xc Src/main.o
 .group         0x0000000000000000        0xc Src/main.o
 .group         0x0000000000000000        0xc Src/main.o
 .group         0x0000000000000000        0xc Src/main.o
 .group         0x0000000000000000        0xc Src/main.o
 .group         0x0000000000000000        0xc Src/main.o
 .group         0x0000000000000000        0xc Src/main.o
 .group         0x0000000000000000        0xc Src/main.o
 .group         0x0000000000000000        0xc Src/main.o
 .group         0x0000000000000000        0xc Src/main.o
 .group         0x0000000000000000        0xc Src/main.o
 .group         0x0000000000000000        0xc Src/main.o
 .group         0x0000000000000000        0xc Src/main.o
 .group         0x0000000000000000        0xc Src/main.o
 .group         0x0000000000000000        0xc Src/main.o
 .text          0x0000000000000000        0x0 Src/main.o
 .data          0x0000000000000000        0x0 Src/main.o
 .bss           0x0000000000000000        0x0 Src/main.o
 .debug_macro   0x0000000000000000      0xa60 Src/main.o
 .debug_macro   0x0000000000000000       0x18 Src/main.o
 .debug_macro   0x0000000000000000       0x22 Src/main.o
 .debug_macro   0x0000000000000000       0x40 Src/main.o
 .debug_macro   0x0000000000000000       0x94 Src/main.o
 .debug_macro   0x0000000000000000       0x3c Src/main.o
 .debug_macro   0x0000000000000000       0x34 Src/main.o
 .debug_macro   0x0000000000000000       0x16 Src/main.o
 .debug_macro   0x0000000000000000      0x10e Src/main.o
 .debug_macro   0x0000000000000000       0x8d Src/main.o
 .debug_macro   0x0000000000000000       0x57 Src/main.o
 .debug_macro   0x0000000000000000       0x52 Src/main.o
 .debug_macro   0x0000000000000000       0x1f Src/main.o
 .debug_macro   0x0000000000000000       0x43 Src/main.o
 .debug_macro   0x0000000000000000       0x20 Src/main.o
 .debug_macro   0x0000000000000000      0x1a3 Src/main.o
 .debug_macro   0x0000000000000000      0x330 Src/main.o
 .debug_macro   0x0000000000000000       0x16 Src/main.o
 .debug_macro   0x0000000000000000       0x29 Src/main.o
 .debug_macro   0x0000000000000000       0xef Src/main.o
 .debug_macro   0x0000000000000000       0x6a Src/main.o
 .debug_macro   0x0000000000000000      0x1df Src/main.o
 .debug_macro   0x0000000000000000      0x2a0 Src/main.o
 .debug_macro   0x0000000000000000       0xca Src/main.o
 .group         0x0000000000000000        0xc Src/syscalls.o
 .group         0x0000000000000000        0xc Src/syscalls.o
 .group         0x0000000000000000        0xc Src/syscalls.o
 .group         0x0000000000000000        0xc Src/syscalls.o
 .group         0x0000000000000000        0xc Src/syscalls.o
 .group         0x0000000000000000        0xc Src/syscalls.o
 .group         0x0000000000000000        0xc Src/syscalls.o
 .group         0x0000000000000000        0xc Src/syscalls.o
 .group         0x0000000000000000        0xc Src/syscalls.o
 .group         0x0000000000000000        0xc Src/syscalls.o
 .group         0x0000000000000000        0xc Src/syscalls.o
 .group         0x0000000000000000        0xc Src/syscalls.o
 .group         0x0000000000000000        0xc Src/syscalls.o
 .group         0x0000000000000000        0xc Src/syscalls.o
 .group         0x0000000000000000        0xc Src/syscalls.o
 .group         0x0000000000000000        0xc Src/syscalls.o
 .group         0x0000000000000000        0xc Src/syscalls.o
 .group         0x0000000000000000        0xc Src/syscalls.o
 .group         0x0000000000000000        0xc Src/syscalls.o
 .group         0x0000000000000000        0xc Src/syscalls.o
 .group         0x0000000000000000        0xc Src/syscalls.o
 .group         0x0000000000000000        0xc Src/syscalls.o
 .group         0x0000000000000000        0xc Src/syscalls.o
 .group         0x0000000000000000        0xc Src/syscalls.o
 .group         0x0000000000000000        0xc Src/syscalls.o
 .group         0x0000000000000000        0xc Src/syscalls.o
 .group         0x0000000000000000        0xc Src/syscalls.o
 .group         0x0000000000000000        0xc Src/syscalls.o
 .group         0x0000000000000000        0xc Src/syscalls.o
 .group         0x0000000000000000        0xc Src/syscalls.o
 .group         0x0000000000000000        0xc Src/syscalls.o
 .group         0x0000000000000000        0xc Src/syscalls.o
 .group         0x0000000000000000        0xc Src/syscalls.o
 .group         0x0000000000000000        0xc Src/syscalls.o
 .group         0x0000000000000000        0xc Src/syscalls.o
 .group         0x0000000000000000        0xc Src/syscalls.o
 .group         0x0000000000000000        0xc Src/syscalls.o
 .group         0x0000000000000000        0xc Src/syscalls.o
 .group         0x0000000000000000        0xc Src/syscalls.o
 .group         0x0000000000000000        0xc Src/syscalls.o
 .group         0x0000000000000000        0xc Src/syscalls.o
 .group         0x0000000000000000        0xc Src/syscalls.o
 .group         0x0000000000000000        0xc Src/syscalls.o
 .group         0x0000000000000000        0xc Src/syscalls.o
 .text          0x0000000000000000        0x0 Src/syscalls.o
 .data          0x0000000000000000        0x0 Src/syscalls.o
 .bss           0x0000000000000000        0x0 Src/syscalls.o
 .bss.__env     0x0000000000000000        0x4 Src/syscalls.o
 .data.environ  0x0000000000000000        0x4 Src/syscalls.o
 .text.initialise_monitor_handles
                0x0000000000000000        0xc Src/syscalls.o
 .text._getpid  0x0000000000000000        0xe Src/syscalls.o
 .text._kill    0x0000000000000000       0x20 Src/syscalls.o
 .text._exit    0x0000000000000000       0x14 Src/syscalls.o
 .text._read    0x0000000000000000       0x3a Src/syscalls.o
 .text._write   0x0000000000000000       0x38 Src/syscalls.o
 .text._close   0x0000000000000000       0x16 Src/syscalls.o
 .text._fstat   0x0000000000000000       0x1e Src/syscalls.o
 .text._isatty  0x0000000000000000       0x14 Src/syscalls.o
 .text._lseek   0x0000000000000000       0x18 Src/syscalls.o
 .text._open    0x0000000000000000       0x1a Src/syscalls.o
 .text._wait    0x0000000000000000       0x1e Src/syscalls.o
 .text._unlink  0x0000000000000000       0x1e Src/syscalls.o
 .text._times   0x0000000000000000       0x16 Src/syscalls.o
 .text._stat    0x0000000000000000       0x1e Src/syscalls.o
 .text._link    0x0000000000000000       0x20 Src/syscalls.o
 .text._fork    0x0000000000000000       0x16 Src/syscalls.o
 .text._execve  0x0000000000000000       0x22 Src/syscalls.o
 .debug_info    0x0000000000000000     0x1038 Src/syscalls.o
 .debug_abbrev  0x0000000000000000      0x254 Src/syscalls.o
 .debug_loc     0x0000000000000000      0x5b8 Src/syscalls.o
 .debug_aranges
                0x0000000000000000       0xa8 Src/syscalls.o
 .debug_ranges  0x0000000000000000       0x98 Src/syscalls.o
 .debug_macro   0x0000000000000000      0x243 Src/syscalls.o
 .debug_macro   0x0000000000000000      0xa60 Src/syscalls.o
 .debug_macro   0x0000000000000000       0x22 Src/syscalls.o
 .debug_macro   0x0000000000000000       0x40 Src/syscalls.o
 .debug_macro   0x0000000000000000       0x18 Src/syscalls.o
 .debug_macro   0x0000000000000000       0x94 Src/syscalls.o
 .debug_macro   0x0000000000000000       0x3c Src/syscalls.o
 .debug_macro   0x0000000000000000       0x34 Src/syscalls.o
 .debug_macro   0x0000000000000000       0x57 Src/syscalls.o
 .debug_macro   0x0000000000000000      0x174 Src/syscalls.o
 .debug_macro   0x0000000000000000      0x330 Src/syscalls.o
 .debug_macro   0x0000000000000000       0x52 Src/syscalls.o
 .debug_macro   0x0000000000000000       0x1f Src/syscalls.o
 .debug_macro   0x0000000000000000       0x43 Src/syscalls.o
 .debug_macro   0x0000000000000000       0x20 Src/syscalls.o
 .debug_macro   0x0000000000000000      0x1a3 Src/syscalls.o
 .debug_macro   0x0000000000000000       0x10 Src/syscalls.o
 .debug_macro   0x0000000000000000       0x35 Src/syscalls.o
 .debug_macro   0x0000000000000000       0x10 Src/syscalls.o
 .debug_macro   0x0000000000000000       0x10 Src/syscalls.o
 .debug_macro   0x0000000000000000       0x10 Src/syscalls.o
 .debug_macro   0x0000000000000000       0x6a Src/syscalls.o
 .debug_macro   0x0000000000000000       0x1c Src/syscalls.o
 .debug_macro   0x0000000000000000       0x52 Src/syscalls.o
 .debug_macro   0x0000000000000000       0x40 Src/syscalls.o
 .debug_macro   0x0000000000000000       0x10 Src/syscalls.o
 .debug_macro   0x0000000000000000       0x40 Src/syscalls.o
 .debug_macro   0x0000000000000000       0xd7 Src/syscalls.o
 .debug_macro   0x0000000000000000       0x1c Src/syscalls.o
 .debug_macro   0x0000000000000000       0x3d Src/syscalls.o
 .debug_macro   0x0000000000000000       0x35 Src/syscalls.o
 .debug_macro   0x0000000000000000      0x122 Src/syscalls.o
 .debug_macro   0x0000000000000000       0x16 Src/syscalls.o
 .debug_macro   0x0000000000000000       0x16 Src/syscalls.o
 .debug_macro   0x0000000000000000       0x29 Src/syscalls.o
 .debug_macro   0x0000000000000000       0x10 Src/syscalls.o
 .debug_macro   0x0000000000000000      0x241 Src/syscalls.o
 .debug_macro   0x0000000000000000       0x1c Src/syscalls.o
 .debug_macro   0x0000000000000000       0x10 Src/syscalls.o
 .debug_macro   0x0000000000000000       0x10 Src/syscalls.o
 .debug_macro   0x0000000000000000       0x16 Src/syscalls.o
 .debug_macro   0x0000000000000000      0x145 Src/syscalls.o
 .debug_macro   0x0000000000000000      0x189 Src/syscalls.o
 .debug_macro   0x0000000000000000       0x16 Src/syscalls.o
 .debug_macro   0x0000000000000000       0x88 Src/syscalls.o
 .debug_line    0x0000000000000000      0x739 Src/syscalls.o
 .debug_str     0x0000000000000000     0x8873 Src/syscalls.o
 .comment       0x0000000000000000       0x7c Src/syscalls.o
 .debug_frame   0x0000000000000000      0x2ac Src/syscalls.o
 .ARM.attributes
                0x0000000000000000       0x33 Src/syscalls.o
 .group         0x0000000000000000        0xc Src/sysmem.o
 .group         0x0000000000000000        0xc Src/sysmem.o
 .group         0x0000000000000000        0xc Src/sysmem.o
 .group         0x0000000000000000        0xc Src/sysmem.o
 .group         0x0000000000000000        0xc Src/sysmem.o
 .group         0x0000000000000000        0xc Src/sysmem.o
 .group         0x0000000000000000        0xc Src/sysmem.o
 .group         0x0000000000000000        0xc Src/sysmem.o
 .group         0x0000000000000000        0xc Src/sysmem.o
 .group         0x0000000000000000        0xc Src/sysmem.o
 .group         0x0000000000000000        0xc Src/sysmem.o
 .group         0x0000000000000000        0xc Src/sysmem.o
 .group         0x0000000000000000        0xc Src/sysmem.o
 .group         0x0000000000000000        0xc Src/sysmem.o
 .group         0x0000000000000000        0xc Src/sysmem.o
 .group         0x0000000000000000        0xc Src/sysmem.o
 .group         0x0000000000000000        0xc Src/sysmem.o
 .group         0x0000000000000000        0xc Src/sysmem.o
 .group         0x0000000000000000        0xc Src/sysmem.o
 .text          0x0000000000000000        0x0 Src/sysmem.o
 .data          0x0000000000000000        0x0 Src/sysmem.o
 .bss           0x0000000000000000        0x0 Src/sysmem.o
 .bss.__sbrk_heap_end
                0x0000000000000000        0x4 Src/sysmem.o
 .text._sbrk    0x0000000000000000       0x6c Src/sysmem.o
 .debug_info    0x0000000000000000      0xa7c Src/sysmem.o
 .debug_abbrev  0x0000000000000000      0x18e Src/sysmem.o
 .debug_loc     0x0000000000000000       0x50 Src/sysmem.o
 .debug_aranges
                0x0000000000000000       0x20 Src/sysmem.o
 .debug_ranges  0x0000000000000000       0x10 Src/sysmem.o
 .debug_macro   0x0000000000000000       0xee Src/sysmem.o
 .debug_macro   0x0000000000000000      0xa60 Src/sysmem.o
 .debug_macro   0x0000000000000000       0x10 Src/sysmem.o
 .debug_macro   0x0000000000000000       0x22 Src/sysmem.o
 .debug_macro   0x0000000000000000       0x40 Src/sysmem.o
 .debug_macro   0x0000000000000000       0x18 Src/sysmem.o
 .debug_macro   0x0000000000000000       0x94 Src/sysmem.o
 .debug_macro   0x0000000000000000       0x3c Src/sysmem.o
 .debug_macro   0x0000000000000000       0x34 Src/sysmem.o
 .debug_macro   0x0000000000000000      0x174 Src/sysmem.o
 .debug_macro   0x0000000000000000       0x57 Src/sysmem.o
 .debug_macro   0x0000000000000000       0x52 Src/sysmem.o
 .debug_macro   0x0000000000000000       0x1f Src/sysmem.o
 .debug_macro   0x0000000000000000       0x43 Src/sysmem.o
 .debug_macro   0x0000000000000000       0x20 Src/sysmem.o
 .debug_macro   0x0000000000000000      0x1a3 Src/sysmem.o
 .debug_macro   0x0000000000000000      0x23b Src/sysmem.o
 .debug_macro   0x0000000000000000       0xef Src/sysmem.o
 .debug_macro   0x0000000000000000       0x6a Src/sysmem.o
 .debug_macro   0x0000000000000000      0x1df Src/sysmem.o
 .debug_line    0x0000000000000000      0x4c2 Src/sysmem.o
 .debug_str     0x0000000000000000     0x5f41 Src/sysmem.o
 .comment       0x0000000000000000       0x7c Src/sysmem.o
 .debug_frame   0x0000000000000000       0x34 Src/sysmem.o
 .ARM.attributes
                0x0000000000000000       0x33 Src/sysmem.o
 .text          0x0000000000000000       0x14 Startup/startup_stm32f103c6tx.o
 .data          0x0000000000000000        0x0 Startup/startup_stm32f103c6tx.o
 .bss           0x0000000000000000        0x0 Startup/startup_stm32f103c6tx.o
 .text          0x0000000000000000        0x0 c:/st/stm32cubeide_1.4.0/stm32cubeide/plugins/com.st.stm32cube.ide.mcu.externaltools.gnu-tools-for-stm32.7-2018-q2-update.win32_1.4.0.202007081208/tools/bin/../lib/gcc/arm-none-eabi/7.3.1/../../../../arm-none-eabi/lib/thumb/v7-m\libc_nano.a(lib_a-errno.o)
 .data          0x0000000000000000        0x0 c:/st/stm32cubeide_1.4.0/stm32cubeide/plugins/com.st.stm32cube.ide.mcu.externaltools.gnu-tools-for-stm32.7-2018-q2-update.win32_1.4.0.202007081208/tools/bin/../lib/gcc/arm-none-eabi/7.3.1/../../../../arm-none-eabi/lib/thumb/v7-m\libc_nano.a(lib_a-errno.o)
 .bss           0x0000000000000000        0x0 c:/st/stm32cubeide_1.4.0/stm32cubeide/plugins/com.st.stm32cube.ide.mcu.externaltools.gnu-tools-for-stm32.7-2018-q2-update.win32_1.4.0.202007081208/tools/bin/../lib/gcc/arm-none-eabi/7.3.1/../../../../arm-none-eabi/lib/thumb/v7-m\libc_nano.a(lib_a-errno.o)
 .text.__errno  0x0000000000000000        0xc c:/st/stm32cubeide_1.4.0/stm32cubeide/plugins/com.st.stm32cube.ide.mcu.externaltools.gnu-tools-for-stm32.7-2018-q2-update.win32_1.4.0.202007081208/tools/bin/../lib/gcc/arm-none-eabi/7.3.1/../../../../arm-none-eabi/lib/thumb/v7-m\libc_nano.a(lib_a-errno.o)
 .debug_frame   0x0000000000000000       0x20 c:/st/stm32cubeide_1.4.0/stm32cubeide/plugins/com.st.stm32cube.ide.mcu.externaltools.gnu-tools-for-stm32.7-2018-q2-update.win32_1.4.0.202007081208/tools/bin/../lib/gcc/arm-none-eabi/7.3.1/../../../../arm-none-eabi/lib/thumb/v7-m\libc_nano.a(lib_a-errno.o)
 .ARM.attributes
                0x0000000000000000       0x2d c:/st/stm32cubeide_1.4.0/stm32cubeide/plugins/com.st.stm32cube.ide.mcu.externaltools.gnu-tools-for-stm32.7-2018-q2-update.win32_1.4.0.202007081208/tools/bin/../lib/gcc/arm-none-eabi/7.3.1/../../../../arm-none-eabi/lib/thumb/v7-m\libc_nano.a(lib_a-errno.o)
 .text          0x0000000000000000        0x0 c:/st/stm32cubeide_1.4.0/stm32cubeide/plugins/com.st.stm32cube.ide.mcu.externaltools.gnu-tools-for-stm32.7-2018-q2-update.win32_1.4.0.202007081208/tools/bin/../lib/gcc/arm-none-eabi/7.3.1/../../../../arm-none-eabi/lib/thumb/v7-m\libc_nano.a(lib_a-exit.o)
 .data          0x0000000000000000        0x0 c:/st/stm32cubeide_1.4.0/stm32cubeide/plugins/com.st.stm32cube.ide.mcu.externaltools.gnu-tools-for-stm32.7-2018-q2-update.win32_1.4.0.202007081208/tools/bin/../lib/gcc/arm-none-eabi/7.3.1/../../../../arm-none-eabi/lib/thumb/v7-m\libc_nano.a(lib_a-exit.o)
 .bss           0x0000000000000000        0x0 c:/st/stm32cubeide_1.4.0/stm32cubeide/plugins/com.st.stm32cube.ide.mcu.externaltools.gnu-tools-for-stm32.7-2018-q2-update.win32_1.4.0.202007081208/tools/bin/../lib/gcc/arm-none-eabi/7.3.1/../../../../arm-none-eabi/lib/thumb/v7-m\libc_nano.a(lib_a-exit.o)
 .text.exit     0x0000000000000000       0x28 c:/st/stm32cubeide_1.4.0/stm32cubeide/plugins/com.st.stm32cube.ide.mcu.externaltools.gnu-tools-for-stm32.7-2018-q2-update.win32_1.4.0.202007081208/tools/bin/../lib/gcc/arm-none-eabi/7.3.1/../../../../arm-none-eabi/lib/thumb/v7-m\libc_nano.a(lib_a-exit.o)
 .debug_frame   0x0000000000000000       0x28 c:/st/stm32cubeide_1.4.0/stm32cubeide/plugins/com.st.stm32cube.ide.mcu.externaltools.gnu-tools-for-stm32.7-2018-q2-update.win32_1.4.0.202007081208/tools/bin/../lib/gcc/arm-none-eabi/7.3.1/../../../../arm-none-eabi/lib/thumb/v7-m\libc_nano.a(lib_a-exit.o)
 .ARM.attributes
                0x0000000000000000       0x2d c:/st/stm32cubeide_1.4.0/stm32cubeide/plugins/com.st.stm32cube.ide.mcu.externaltools.gnu-tools-for-stm32.7-2018-q2-update.win32_1.4.0.202007081208/tools/bin/../lib/gcc/arm-none-eabi/7.3.1/../../../../arm-none-eabi/lib/thumb/v7-m\libc_nano.a(lib_a-exit.o)
 .text          0x0000000000000000        0x0 c:/st/stm32cubeide_1.4.0/stm32cubeide/plugins/com.st.stm32cube.ide.mcu.externaltools.gnu-tools-for-stm32.7-2018-q2-update.win32_1.4.0.202007081208/tools/bin/../lib/gcc/arm-none-eabi/7.3.1/../../../../arm-none-eabi/lib/thumb/v7-m\libc_nano.a(lib_a-impure.o)
 .data          0x0000000000000000        0x0 c:/st/stm32cubeide_1.4.0/stm32cubeide/plugins/com.st.stm32cube.ide.mcu.externaltools.gnu-tools-for-stm32.7-2018-q2-update.win32_1.4.0.202007081208/tools/bin/../lib/gcc/arm-none-eabi/7.3.1/../../../../arm-none-eabi/lib/thumb/v7-m\libc_nano.a(lib_a-impure.o)
 .bss           0x0000000000000000        0x0 c:/st/stm32cubeide_1.4.0/stm32cubeide/plugins/com.st.stm32cube.ide.mcu.externaltools.gnu-tools-for-stm32.7-2018-q2-update.win32_1.4.0.202007081208/tools/bin/../lib/gcc/arm-none-eabi/7.3.1/../../../../arm-none-eabi/lib/thumb/v7-m\libc_nano.a(lib_a-impure.o)
 .data._impure_ptr
                0x0000000000000000        0x4 c:/st/stm32cubeide_1.4.0/stm32cubeide/plugins/com.st.stm32cube.ide.mcu.externaltools.gnu-tools-for-stm32.7-2018-q2-update.win32_1.4.0.202007081208/tools/bin/../lib/gcc/arm-none-eabi/7.3.1/../../../../arm-none-eabi/lib/thumb/v7-m\libc_nano.a(lib_a-impure.o)
 .data.impure_data
                0x0000000000000000       0x60 c:/st/stm32cubeide_1.4.0/stm32cubeide/plugins/com.st.stm32cube.ide.mcu.externaltools.gnu-tools-for-stm32.7-2018-q2-update.win32_1.4.0.202007081208/tools/bin/../lib/gcc/arm-none-eabi/7.3.1/../../../../arm-none-eabi/lib/thumb/v7-m\libc_nano.a(lib_a-impure.o)
 .rodata._global_impure_ptr
                0x0000000000000000        0x4 c:/st/stm32cubeide_1.4.0/stm32cubeide/plugins/com.st.stm32cube.ide.mcu.externaltools.gnu-tools-for-stm32.7-2018-q2-update.win32_1.4.0.202007081208/tools/bin/../lib/gcc/arm-none-eabi/7.3.1/../../../../arm-none-eabi/lib/thumb/v7-m\libc_nano.a(lib_a-impure.o)
 .ARM.attributes
                0x0000000000000000       0x2d c:/st/stm32cubeide_1.4.0/stm32cubeide/plugins/com.st.stm32cube.ide.mcu.externaltools.gnu-tools-for-stm32.7-2018-q2-update.win32_1.4.0.202007081208/tools/bin/../lib/gcc/arm-none-eabi/7.3.1/../../../../arm-none-eabi/lib/thumb/v7-m\libc_nano.a(lib_a-impure.o)
 .text          0x0000000000000000        0x0 c:/st/stm32cubeide_1.4.0/stm32cubeide/plugins/com.st.stm32cube.ide.mcu.externaltools.gnu-tools-for-stm32.7-2018-q2-update.win32_1.4.0.202007081208/tools/bin/../lib/gcc/arm-none-eabi/7.3.1/../../../../arm-none-eabi/lib/thumb/v7-m\libc_nano.a(lib_a-init.o)
 .data          0x0000000000000000        0x0 c:/st/stm32cubeide_1.4.0/stm32cubeide/plugins/com.st.stm32cube.ide.mcu.externaltools.gnu-tools-for-stm32.7-2018-q2-update.win32_1.4.0.202007081208/tools/bin/../lib/gcc/arm-none-eabi/7.3.1/../../../../arm-none-eabi/lib/thumb/v7-m\libc_nano.a(lib_a-init.o)
 .bss           0x0000000000000000        0x0 c:/st/stm32cubeide_1.4.0/stm32cubeide/plugins/com.st.stm32cube.ide.mcu.externaltools.gnu-tools-for-stm32.7-2018-q2-update.win32_1.4.0.202007081208/tools/bin/../lib/gcc/arm-none-eabi/7.3.1/../../../../arm-none-eabi/lib/thumb/v7-m\libc_nano.a(lib_a-init.o)
 .text          0x0000000000000000        0x0 c:/st/stm32cubeide_1.4.0/stm32cubeide/plugins/com.st.stm32cube.ide.mcu.externaltools.gnu-tools-for-stm32.7-2018-q2-update.win32_1.4.0.202007081208/tools/bin/../lib/gcc/arm-none-eabi/7.3.1/../../../../arm-none-eabi/lib/thumb/v7-m\libc_nano.a(lib_a-memset.o)
 .data          0x0000000000000000        0x0 c:/st/stm32cubeide_1.4.0/stm32cubeide/plugins/com.st.stm32cube.ide.mcu.externaltools.gnu-tools-for-stm32.7-2018-q2-update.win32_1.4.0.202007081208/tools/bin/../lib/gcc/arm-none-eabi/7.3.1/../../../../arm-none-eabi/lib/thumb/v7-m\libc_nano.a(lib_a-memset.o)
 .bss           0x0000000000000000        0x0 c:/st/stm32cubeide_1.4.0/stm32cubeide/plugins/com.st.stm32cube.ide.mcu.externaltools.gnu-tools-for-stm32.7-2018-q2-update.win32_1.4.0.202007081208/tools/bin/../lib/gcc/arm-none-eabi/7.3.1/../../../../arm-none-eabi/lib/thumb/v7-m\libc_nano.a(lib_a-memset.o)
 .text.memset   0x0000000000000000       0x10 c:/st/stm32cubeide_1.4.0/stm32cubeide/plugins/com.st.stm32cube.ide.mcu.externaltools.gnu-tools-for-stm32.7-2018-q2-update.win32_1.4.0.202007081208/tools/bin/../lib/gcc/arm-none-eabi/7.3.1/../../../../arm-none-eabi/lib/thumb/v7-m\libc_nano.a(lib_a-memset.o)
 .debug_frame   0x0000000000000000       0x20 c:/st/stm32cubeide_1.4.0/stm32cubeide/plugins/com.st.stm32cube.ide.mcu.externaltools.gnu-tools-for-stm32.7-2018-q2-update.win32_1.4.0.202007081208/tools/bin/../lib/gcc/arm-none-eabi/7.3.1/../../../../arm-none-eabi/lib/thumb/v7-m\libc_nano.a(lib_a-memset.o)
 .ARM.attributes
                0x0000000000000000       0x2d c:/st/stm32cubeide_1.4.0/stm32cubeide/plugins/com.st.stm32cube.ide.mcu.externaltools.gnu-tools-for-stm32.7-2018-q2-update.win32_1.4.0.202007081208/tools/bin/../lib/gcc/arm-none-eabi/7.3.1/../../../../arm-none-eabi/lib/thumb/v7-m\libc_nano.a(lib_a-memset.o)
 .text          0x0000000000000000        0x0 c:/st/stm32cubeide_1.4.0/stm32cubeide/plugins/com.st.stm32cube.ide.mcu.externaltools.gnu-tools-for-stm32.7-2018-q2-update.win32_1.4.0.202007081208/tools/bin/../lib/gcc/arm-none-eabi/7.3.1/thumb/v7-m/crtend.o
 .data          0x0000000000000000        0x0 c:/st/stm32cubeide_1.4.0/stm32cubeide/plugins/com.st.stm32cube.ide.mcu.externaltools.gnu-tools-for-stm32.7-2018-q2-update.win32_1.4.0.202007081208/tools/bin/../lib/gcc/arm-none-eabi/7.3.1/thumb/v7-m/crtend.o
 .bss           0x0000000000000000        0x0 c:/st/stm32cubeide_1.4.0/stm32cubeide/plugins/com.st.stm32cube.ide.mcu.externaltools.gnu-tools-for-stm32.7-2018-q2-update.win32_1.4.0.202007081208/tools/bin/../lib/gcc/arm-none-eabi/7.3.1/thumb/v7-m/crtend.o
 .eh_frame      0x0000000000000000        0x4 c:/st/stm32cubeide_1.4.0/stm32cubeide/plugins/com.st.stm32cube.ide.mcu.externaltools.gnu-tools-for-stm32.7-2018-q2-update.win32_1.4.0.202007081208/tools/bin/../lib/gcc/arm-none-eabi/7.3.1/thumb/v7-m/crtend.o
 .ARM.attributes
                0x0000000000000000       0x2d c:/st/stm32cubeide_1.4.0/stm32cubeide/plugins/com.st.stm32cube.ide.mcu.externaltools.gnu-tools-for-stm32.7-2018-q2-update.win32_1.4.0.202007081208/tools/bin/../lib/gcc/arm-none-eabi/7.3.1/thumb/v7-m/crtend.o
 .text          0x0000000000000000        0x0 c:/st/stm32cubeide_1.4.0/stm32cubeide/plugins/com.st.stm32cube.ide.mcu.externaltools.gnu-tools-for-stm32.7-2018-q2-update.win32_1.4.0.202007081208/tools/bin/../lib/gcc/arm-none-eabi/7.3.1/thumb/v7-m/crtn.o
 .data          0x0000000000000000        0x0 c:/st/stm32cubeide_1.4.0/stm32cubeide/plugins/com.st.stm32cube.ide.mcu.externaltools.gnu-tools-for-stm32.7-2018-q2-update.win32_1.4.0.202007081208/tools/bin/../lib/gcc/arm-none-eabi/7.3.1/thumb/v7-m/crtn.o
 .bss           0x0000000000000000        0x0 c:/st/stm32cubeide_1.4.0/stm32cubeide/plugins/com.st.stm32cube.ide.mcu.externaltools.gnu-tools-for-stm32.7-2018-q2-update.win32_1.4.0.202007081208/tools/bin/../lib/gcc/arm-none-eabi/7.3.1/thumb/v7-m/crtn.o

Memory Configuration

Name             Origin             Length             Attributes
RAM              0x0000000020000000 0x0000000000002800 xrw
ROM              0x0000000008000000 0x0000000000008000 xr
*default*        0x0000000000000000 0xffffffffffffffff

Linker script and memory map

LOAD c:/st/stm32cubeide_1.4.0/stm32cubeide/plugins/com.st.stm32cube.ide.mcu.externaltools.gnu-tools-for-stm32.7-2018-q2-update.win32_1.4.0.202007081208/tools/bin/../lib/gcc/arm-none-eabi/7.3.1/thumb/v7-m/crti.o
LOAD c:/st/stm32cubeide_1.4.0/stm32cubeide/plugins/com.st.stm32cube.ide.mcu.externaltools.gnu-tools-for-stm32.7-2018-q2-update.win32_1.4.0.202007081208/tools/bin/../lib/gcc/arm-none-eabi/7.3.1/thumb/v7-m/crtbegin.o
LOAD c:/st/stm32cubeide_1.4.0/stm32cubeide/plugins/com.st.stm32cube.ide.mcu.externaltools.gnu-tools-for-stm32.7-2018-q2-update.win32_1.4.0.202007081208/tools/bin/../lib/gcc/arm-none-eabi/7.3.1/../../../../arm-none-eabi/lib/thumb/v7-m/crt0.o
LOAD STM32F103C6_Drivers/EXTI/STM32F103x8_EXTI_Driver.o
LOAD STM32F103C6_Drivers/GPIO/STM32F103x8_GPIO_Driver.o
LOAD STM32F103C6_Drivers/RCC/STM32F103x8_RCC_Driver.o
LOAD STM32F103C6_Drivers/SPI/STM32F103x8_SPI_Driver.o
LOAD STM32F103C6_Drivers/USART/STM32F103x8_USART_Driver.o
LOAD Src/main.o
LOAD Src/syscalls.o
LOAD Src/sysmem.o
LOAD Startup/startup_stm32f103c6tx.o
START GROUP
LOAD c:/st/stm32cubeide_1.4.0/stm32cubeide/plugins/com.st.stm32cube.ide.mcu.externaltools.gnu-tools-for-stm32.7-2018-q2-update.win32_1.4.0.202007081208/tools/bin/../lib/gcc/arm-none-eabi/7.3.1/../../../../arm-none-eabi/lib/thumb/v7-m\libc_nano.a
LOAD c:/st/stm32cubeide_1.4.0/stm32cubeide/plugins/com.st.stm32cube.ide.mcu.externaltools.gnu-tools-for-stm32.7-2018-q2-update.win32_1.4.0.202007081208/tools/bin/../lib/gcc/arm-none-eabi/7.3.1/../../../../arm-none-eabi/lib/thumb/v7-m\libm.a
END GROUP
START GROUP
LOAD c:/st/stm32cubeide_1.4.0/stm32cubeide/plugins/com.st.stm32cube.ide.mcu.externaltools.gnu-tools-for-stm32.7-2018-q2-update.win32_1.4.0.202007081208/tools/bin/../lib/gcc/arm-none-eabi/7.3.1/thumb/v7-m\libgcc.a
LOAD c:/st/stm32cubeide_1.4.0/stm32cubeide/plugins/com.st.stm32cube.ide.mcu.externaltools.gnu-tools-for-stm32.7-2018-q2-update.win32_1.4.0.202007081208/tools/bin/../lib/gcc/arm-none-eabi/7.3.1/../../../../arm-none-eabi/lib/thumb/v7-m\libg_nano.a
LOAD c:/st/stm32cubeide_1.4.0/stm32cubeide/plugins/com.st.stm32cube.ide.mcu.externaltools.gnu-tools-for-stm32.7-2018-q2-update.win32_1.4.0.202007081208/tools/bin/../lib/gcc/arm-none-eabi/7.3.1/../../../../arm-none-eabi/lib/thumb/v7-m\libc_nano.a
END GROUP
START GROUP
LOAD c:/st/stm32cubeide_1.4.0/stm32cubeide/plugins/com.st.stm32cube.ide.mcu.externaltools.gnu-tools-for-stm32.7-2018-q2-update.win32_1.4.0.202007081208/tools/bin/../lib/gcc/arm-none-eabi/7.3.1/thumb/v7-m\libgcc.a
LOAD c:/st/stm32cubeide_1.4.0/stm32cubeide/plugins/com.st.stm32cube.ide.mcu.externaltools.gnu-tools-for-stm32.7-2018-q2-update.win32_1.4.0.202007081208/tools/bin/../lib/gcc/arm-none-eabi/7.3.1/../../../../arm-none-eabi/lib/thumb/v7-m\libc_nano.a
LOAD c:/st/stm32cubeide_1.4.0/stm32cubeide/plugins/com.st.stm32cube.ide.mcu.externaltools.gnu-tools-for-stm32.7-2018-q2-update.win32_1.4.0.202007081208/tools/bin/../lib/gcc/arm-none-eabi/7.3.1/../../../../arm-none-eabi/lib/thumb/v7-m\libnosys.a
END GROUP
START GROUP
LOAD c:/st/stm32cubeide_1.4.0/stm32cubeide/plugins/com.st.stm32cube.ide.mcu.externaltools.gnu-tools-for-stm32.7-2018-q2-update.win32_1.4.0.202007081208/tools/bin/../lib/gcc/arm-none-eabi/7.3.1/thumb/v7-m\libgcc.a
LOAD c:/st/stm32cubeide_1.4.0/stm32cubeide/plugins/com.st.stm32cube.ide.mcu.externaltools.gnu-tools-for-stm32.7-2018-q2-update.win32_1.4.0.202007081208/tools/bin/../lib/gcc/arm-none-eabi/7.3.1/../../../../arm-none-eabi/lib/thumb/v7-m\libc_nano.a
LOAD c:/st/stm32cubeide_1.4.0/stm32cubeide/plugins/com.st.stm32cube.ide.mcu.externaltools.gnu-tools-for-stm32.7-2018-q2-update.win32_1.4.0.202007081208/tools/bin/../lib/gcc/arm-none-eabi/7.3.1/../../../../arm-none-eabi/lib/thumb/v7-m\libnosys.a
END GROUP
LOAD c:/st/stm32cubeide_1.4.0/stm32cubeide/plugins/com.st.stm32cube.ide.mcu.externaltools.gnu-tools-for-stm32.7-2018-q2-update.win32_1.4.0.202007081208/tools/bin/../lib/gcc/arm-none-eabi/7.3.1/thumb/v7-m/crtend.o
LOAD c:/st/stm32cubeide_1.4.0/stm32cubeide/plugins/com.st.stm32cube.ide.mcu.externaltools.gnu-tools-for-stm32.7-2018-q2-update.win32_1.4.0.202007081208/tools/bin/../lib/gcc/arm-none-eabi/7.3.1/thumb/v7-m/crtn.o
                0x0000000020002800                _estack = (ORIGIN (RAM) + LENGTH (RAM))
                0x0000000000000200                _Min_Heap_Size = 0x200
                0x0000000000000400                _Min_Stack_Size = 0x400

.isr_vector     0x0000000008000000      0x130
                0x0000000008000000                . = ALIGN (0x4)
 *(.isr_vector)
 .isr_vector    0x0000000008000000      0x130 Startup/startup_stm32f103c6tx.o
                0x0000000008000000                g_pfnVectors
                0x0000000008000130                . = ALIGN (0x4)

.text           0x0000000008000130      0x6e8
                0x0000000008000130                . = ALIGN (0x4)
 *(.text)
 .text          0x0000000008000130       0x40 c:/st/stm32cubeide_1.4.0/stm32cubeide/plugins/com.st.stm32cube.ide.mcu.externaltools.gnu-tools-for-stm32.7-2018-q2-update.win32_1.4.0.202007081208/tools/bin/../lib/gcc/arm-none-eabi/7.3.1/thumb/v7-m/crtbegin.o
 *(.text*)
 .text.EXTI0_IRQHandler
                0x0000000008000170       0x24 STM32F103C6_Drivers/EXTI/STM32F103x8_EXTI_Driver.o
                0x0000000008000170                EXTI0_IRQHandler
 .text.EXTI1_IRQHandler
                0x0000000008000194       0x24 STM32F103C6_Drivers/EXTI/STM32F103x8_EXTI_Driver.o
                0x0000000008000194                EXTI1_IRQHandler
 .text.EXTI2_IRQHandler
                0x00000000080001b8       0x24 STM32F103C6_Drivers/EXTI/STM32F103x8_EXTI_Driver.o
                0x00000000080001b8                EXTI2_IRQHandler
 .text.EXTI3_IRQHandler
                0x00000000080001dc       0x24 STM32F103C6_Drivers/EXTI/STM32F103x8_EXTI_Driver.o
                0x00000000080001dc                EXTI3_IRQHandler
 .text.EXTI4_IRQHandler
                0x0000000008000200       0x24 STM32F103C6_Drivers/EXTI/STM32F103x8_EXTI_Driver.o
                0x0000000008000200                EXTI4_IRQHandler
 .text.EXTI9_5_IRQHandler
                0x0000000008000224       0xa8 STM32F103C6_Drivers/EXTI/STM32F103x8_EXTI_Driver.o
                0x0000000008000224                EXTI9_5_IRQHandler
 .text.EXTI15_10_IRQHandler
                0x00000000080002cc       0xc4 STM32F103C6_Drivers/EXTI/STM32F103x8_EXTI_Driver.o
                0x00000000080002cc                EXTI15_10_IRQHandler
 .text.Get_CRLH_Position
                0x0000000008000390       0xba STM32F103C6_Drivers/GPIO/STM32F103x8_GPIO_Driver.o
 .text.MCAL_GPIO_Init
                0x000000000800044a       0xfa STM32F103C6_Drivers/GPIO/STM32F103x8_GPIO_Driver.o
                0x000000000800044a                MCAL_GPIO_Init
 .text.MCAL_GPIO_ReadPin
                0x0000000008000544       0x28 STM32F103C6_Drivers/GPIO/STM32F103x8_GPIO_Driver.o
                0x0000000008000544                MCAL_GPIO_ReadPin
 .text.MCAL_GPIO_TogglePin
                0x000000000800056c       0x22 STM32F103C6_Drivers/GPIO/STM32F103x8_GPIO_Driver.o
                0x000000000800056c                MCAL_GPIO_TogglePin
 *fill*         0x000000000800058e        0x2 
 .text.SPI1_IRQHandler
                0x0000000008000590       0x5c STM32F103C6_Drivers/SPI/STM32F103x8_SPI_Driver.o
                0x0000000008000590                SPI1_IRQHandler
 .text.SPI2_IRQHandler
                0x00000000080005ec       0x5c STM32F103C6_Drivers/SPI/STM32F103x8_SPI_Driver.o
                0x00000000080005ec                SPI2_IRQHandler
 .text.clockInit
                0x0000000008000648       0x28 Src/main.o
                0x0000000008000648                clockInit
 .text.GPIO_Init
                0x0000000008000670       0x70 Src/main.o
                0x0000000008000670                GPIO_Init
 .text.myWait   0x00000000080006e0       0x26 Src/main.o
                0x00000000080006e0                myWait
 *fill*         0x0000000008000706        0x2 
 .text.main     0x0000000008000708       0x5c Src/main.o
                0x0000000008000708                main
 .text.Reset_Handler
                0x0000000008000764       0x50 Startup/startup_stm32f103c6tx.o
                0x0000000008000764                Reset_Handler
 .text.Default_Handler
                0x00000000080007b4        0x2 Startup/startup_stm32f103c6tx.o
                0x00000000080007b4                TIM8_TRG_COM_IRQHandler
                0x00000000080007b4                TIM8_CC_IRQHandler
                0x00000000080007b4                DebugMon_Handler
                0x00000000080007b4                TIM1_CC_IRQHandler
                0x00000000080007b4                HardFault_Handler
                0x00000000080007b4                TIM6_IRQHandler
                0x00000000080007b4                SysTick_Handler
                0x00000000080007b4                PVD_IRQHandler
                0x00000000080007b4                SDIO_IRQHandler
                0x00000000080007b4                PendSV_Handler
                0x00000000080007b4                NMI_Handler
                0x00000000080007b4                USB_HP_CAN_TX_IRQHandler
                0x00000000080007b4                I2C2_EV_IRQHandler
                0x00000000080007b4                UsageFault_Handler
                0x00000000080007b4                ADC1_2_IRQHandler
                0x00000000080007b4                CAN_SCE_IRQHandler
                0x00000000080007b4                TAMPER_IRQHandler
                0x00000000080007b4                TIM8_UP_IRQHandler
                0x00000000080007b4                DMA2_Channel2_IRQHandler
                0x00000000080007b4                DMA1_Channel4_IRQHandler
                0x00000000080007b4                USART3_IRQHandler
                0x00000000080007b4                RTC_IRQHandler
                0x00000000080007b4                DMA1_Channel7_IRQHandler
                0x00000000080007b4                UART5_IRQHandler
                0x00000000080007b4                ADC3_IRQHandler
                0x00000000080007b4                TIM4_IRQHandler
                0x00000000080007b4                CAN_RX1_IRQHandler
                0x00000000080007b4                DMA2_Channel1_IRQHandler
                0x00000000080007b4                I2C1_EV_IRQHandler
                0x00000000080007b4                DMA1_Channel6_IRQHandler
                0x00000000080007b4                UART4_IRQHandler
                0x00000000080007b4                TIM3_IRQHandler
                0x00000000080007b4                RCC_IRQHandler
                0x00000000080007b4                TIM1_TRG_COM_IRQHandler
                0x00000000080007b4                DMA1_Channel1_IRQHandler
                0x00000000080007b4                Default_Handler
                0x00000000080007b4                TIM7_IRQHandler
                0x00000000080007b4                TIM5_IRQHandler
                0x00000000080007b4                USB_LP_CAN_RX0_IRQHandler
                0x00000000080007b4                MemManage_Handler
                0x00000000080007b4                SVC_Handler
                0x00000000080007b4                DMA1_Channel5_IRQHandler
                0x00000000080007b4                DMA1_Channel3_IRQHandler
                0x00000000080007b4                FSMC_IRQHandler
                0x00000000080007b4                TIM1_UP_IRQHandler
                0x00000000080007b4                WWDG_IRQHandler
                0x00000000080007b4                TIM2_IRQHandler
                0x00000000080007b4                TIM1_BRK_IRQHandler
                0x00000000080007b4                RTCAlarm_IRQHandler
                0x00000000080007b4                DMA2_Channel4_5_IRQHandler
                0x00000000080007b4                USART2_IRQHandler
                0x00000000080007b4                I2C2_ER_IRQHandler
                0x00000000080007b4                DMA1_Channel2_IRQHandler
                0x00000000080007b4                TIM8_BRK_IRQHandler
                0x00000000080007b4                FLASH_IRQHandler
                0x00000000080007b4                BusFault_Handler
                0x00000000080007b4                USART1_IRQHandler
                0x00000000080007b4                SPI3_IRQHandler
                0x00000000080007b4                I2C1_ER_IRQHandler
                0x00000000080007b4                DMA2_Channel3_IRQHandler
 *fill*         0x00000000080007b6        0x2 
 .text.__libc_init_array
                0x00000000080007b8       0x48 c:/st/stm32cubeide_1.4.0/stm32cubeide/plugins/com.st.stm32cube.ide.mcu.externaltools.gnu-tools-for-stm32.7-2018-q2-update.win32_1.4.0.202007081208/tools/bin/../lib/gcc/arm-none-eabi/7.3.1/../../../../arm-none-eabi/lib/thumb/v7-m\libc_nano.a(lib_a-init.o)
                0x00000000080007b8                __libc_init_array
 *(.glue_7)
 .glue_7        0x0000000008000800        0x0 linker stubs
 *(.glue_7t)
 .glue_7t       0x0000000008000800        0x0 linker stubs
 *(.eh_frame)
 .eh_frame      0x0000000008000800        0x0 c:/st/stm32cubeide_1.4.0/stm32cubeide/plugins/com.st.stm32cube.ide.mcu.externaltools.gnu-tools-for-stm32.7-2018-q2-update.win32_1.4.0.202007081208/tools/bin/../lib/gcc/arm-none-eabi/7.3.1/thumb/v7-m/crtbegin.o
 *(.init)
 .init          0x0000000008000800        0x4 c:/st/stm32cubeide_1.4.0/stm32cubeide/plugins/com.st.stm32cube.ide.mcu.externaltools.gnu-tools-for-stm32.7-2018-q2-update.win32_1.4.0.202007081208/tools/bin/../lib/gcc/arm-none-eabi/7.3.1/thumb/v7-m/crti.o
                0x0000000008000800                _init
 .init          0x0000000008000804        0x8 c:/st/stm32cubeide_1.4.0/stm32cubeide/plugins/com.st.stm32cube.ide.mcu.externaltools.gnu-tools-for-stm32.7-2018-q2-update.win32_1.4.0.202007081208/tools/bin/../lib/gcc/arm-none-eabi/7.3.1/thumb/v7-m/crtn.o
 *(.fini)
 .fini          0x000000000800080c        0x4 c:/st/stm32cubeide_1.4.0/stm32cubeide/plugins/com.st.stm32cube.ide.mcu.externaltools.gnu-tools-for-stm32.7-2018-q2-update.win32_1.4.0.202007081208/tools/bin/../lib/gcc/arm-none-eabi/7.3.1/thumb/v7-m/crti.o
                0x000000000800080c                _fini
 .fini          0x0000000008000810        0x8 c:/st/stm32cubeide_1.4.0/stm32cubeide/plugins/com.st.stm32cube.ide.mcu.externaltools.gnu-tools-for-stm32.7-2018-q2-update.win32_1.4.0.202007081208/tools/bin/../lib/gcc/arm-none-eabi/7.3.1/thumb/v7-m/crtn.o
                0x0000000008000818                . = ALIGN (0x4)
                0x0000000008000818                _etext = .

.vfp11_veneer   0x0000000008000818        0x0
 .vfp11_veneer  0x0000000008000818        0x0 linker stubs

.v4_bx          0x0000000008000818        0x0
 .v4_bx         0x0000000008000818        0x0 linker stubs

.iplt           0x0000000008000818        0x0
 .iplt          0x0000000008000818        0x0 c:/st/stm32cubeide_1.4.0/stm32cubeide/plugins/com.st.stm32cube.ide.mcu.externaltools.gnu-tools-for-stm32.7-2018-q2-update.win32_1.4.0.202007081208/tools/bin/../lib/gcc/arm-none-eabi/7.3.1/thumb/v7-m/crtbegin.o

.rel.dyn        0x0000000008000818        0x0
 .rel.iplt      0x0000000008000818        0x0 c:/st/stm32cubeide_1.4.0/stm32cubeide/plugins/com.st.stm32cube.ide.mcu.externaltools.gnu-tools-for-stm32.7-2018-q2-update.win32_1.4.0.202007081208/tools/bin/../lib/gcc/arm-none-eabi/7.3.1/thumb/v7-m/crtbegin.o

.rodata         0x0000000008000818        0x0
                0x0000000008000818                . = ALIGN (0x4)
 *(.rodata)
 *(.rodata*)
                0x0000000008000818                . = ALIGN (0x4)

.ARM.extab      0x0000000008000818        0x0
                0x0000000008000818                . = ALIGN (0x4)
 *(.ARM.extab* .gnu.linkonce.armextab.*)
                0x0000000008000818                . = ALIGN (0x4)

.ARM            0x0000000008000818        0x0
                0x0000000008000818                . = ALIGN (0x4)
                0x0000000008000818                __exidx_start = .
 *(.ARM.exidx*)
                0x0000000008000818                __exidx_end = .
                0x0000000008000818                . = ALIGN (0x4)

.preinit_array  0x0000000008000818        0x0
                0x0000000008000818                . = ALIGN (0x4)
                0x0000000008000818                PROVIDE (__preinit_array_start = .)
 *(.preinit_array*)
                0x0000000008000818                PROVIDE (__preinit_array_end = .)
                0x0000000008000818                . = ALIGN (0x4)

.init_array     0x0000000008000818        0x4
                0x0000000008000818                . = ALIGN (0x4)
                0x0000000008000818                PROVIDE (__init_array_start = .)
 *(SORT_BY_NAME(.init_array.*))
 *(.init_array*)
 .init_array    0x0000000008000818        0x4 c:/st/stm32cubeide_1.4.0/stm32cubeide/plugins/com.st.stm32cube.ide.mcu.externaltools.gnu-tools-for-stm32.7-2018-q2-update.win32_1.4.0.202007081208/tools/bin/../lib/gcc/arm-none-eabi/7.3.1/thumb/v7-m/crtbegin.o
                0x000000000800081c                PROVIDE (__init_array_end = .)
                0x000000000800081c                . = ALIGN (0x4)

.fini_array     0x000000000800081c        0x4
                0x000000000800081c                . = ALIGN (0x4)
                [!provide]                        PROVIDE (__fini_array_start = .)
 *(SORT_BY_NAME(.fini_array.*))
 *(.fini_array*)
 .fini_array    0x000000000800081c        0x4 c:/st/stm32cubeide_1.4.0/stm32cubeide/plugins/com.st.stm32cube.ide.mcu.externaltools.gnu-tools-for-stm32.7-2018-q2-update.win32_1.4.0.202007081208/tools/bin/../lib/gcc/arm-none-eabi/7.3.1/thumb/v7-m/crtbegin.o
                [!provide]                        PROVIDE (__fini_array_end = .)
                0x0000000008000820                . = ALIGN (0x4)
                0x0000000008000820                _sidata = LOADADDR (.data)

.data           0x0000000020000000        0x0 load address 0x0000000008000820
                0x0000000020000000                . = ALIGN (0x4)
                0x0000000020000000                _sdata = .
 *(.data)
 *(.data*)
                0x0000000020000000                . = ALIGN (0x4)
                0x0000000020000000                _edata = .

.igot.plt       0x0000000020000000        0x0 load address 0x0000000008000820
 .igot.plt      0x0000000020000000        0x0 c:/st/stm32cubeide_1.4.0/stm32cubeide/plugins/com.st.stm32cube.ide.mcu.externaltools.gnu-tools-for-stm32.7-2018-q2-update.win32_1.4.0.202007081208/tools/bin/../lib/gcc/arm-none-eabi/7.3.1/thumb/v7-m/crtbegin.o
                0x0000000020000000                . = ALIGN (0x4)

.bss            0x0000000020000000       0x64 load address 0x0000000008000820
                0x0000000020000000                _sbss = .
                0x0000000020000000                __bss_start__ = _sbss
 *(.bss)
 .bss           0x0000000020000000       0x1c c:/st/stm32cubeide_1.4.0/stm32cubeide/plugins/com.st.stm32cube.ide.mcu.externaltools.gnu-tools-for-stm32.7-2018-q2-update.win32_1.4.0.202007081208/tools/bin/../lib/gcc/arm-none-eabi/7.3.1/thumb/v7-m/crtbegin.o
 *(.bss*)
 .bss.Global_SPI_Config
                0x000000002000001c        0x8 STM32F103C6_Drivers/SPI/STM32F103x8_SPI_Driver.o
 *(COMMON)
 COMMON         0x0000000020000024       0x40 STM32F103C6_Drivers/EXTI/STM32F103x8_EXTI_Driver.o
                0x0000000020000024                GP_IRQ_CallBack
                0x0000000020000064                . = ALIGN (0x4)
                0x0000000020000064                _ebss = .
                0x0000000020000064                __bss_end__ = _ebss

._user_heap_stack
                0x0000000020000064      0x604 load address 0x0000000008000820
                0x0000000020000068                . = ALIGN (0x8)
 *fill*         0x0000000020000064        0x4 
                [!provide]                        PROVIDE (end = .)
                0x0000000020000068                PROVIDE (_end = .)
                0x0000000020000268                . = (. + _Min_Heap_Size)
 *fill*         0x0000000020000068      0x200 
                0x0000000020000668                . = (. + _Min_Stack_Size)
 *fill*         0x0000000020000268      0x400 
                0x0000000020000668                . = ALIGN (0x8)

/DISCARD/
 libc.a(*)
 libm.a(*)
 libgcc.a(*)

.ARM.attributes
                0x0000000000000000       0x29
 *(.ARM.attributes)
 .ARM.attributes
                0x0000000000000000       0x1d c:/st/stm32cubeide_1.4.0/stm32cubeide/plugins/com.st.stm32cube.ide.mcu.externaltools.gnu-tools-for-stm32.7-2018-q2-update.win32_1.4.0.202007081208/tools/bin/../lib/gcc/arm-none-eabi/7.3.1/thumb/v7-m/crti.o
 .ARM.attributes
                0x000000000000001d       0x2d c:/st/stm32cubeide_1.4.0/stm32cubeide/plugins/com.st.stm32cube.ide.mcu.externaltools.gnu-tools-for-stm32.7-2018-q2-update.win32_1.4.0.202007081208/tools/bin/../lib/gcc/arm-none-eabi/7.3.1/thumb/v7-m/crtbegin.o
 .ARM.attributes
                0x000000000000004a       0x33 STM32F103C6_Drivers/EXTI/STM32F103x8_EXTI_Driver.o
 .ARM.attributes
                0x000000000000007d       0x33 STM32F103C6_Drivers/GPIO/STM32F103x8_GPIO_Driver.o
 .ARM.attributes
                0x00000000000000b0       0x33 STM32F103C6_Drivers/SPI/STM32F103x8_SPI_Driver.o
 .ARM.attributes
                0x00000000000000e3       0x33 Src/main.o
 .ARM.attributes
                0x0000000000000116       0x21 Startup/startup_stm32f103c6tx.o
 .ARM.attributes
                0x0000000000000137       0x2d c:/st/stm32cubeide_1.4.0/stm32cubeide/plugins/com.st.stm32cube.ide.mcu.externaltools.gnu-tools-for-stm32.7-2018-q2-update.win32_1.4.0.202007081208/tools/bin/../lib/gcc/arm-none-eabi/7.3.1/../../../../arm-none-eabi/lib/thumb/v7-m\libc_nano.a(lib_a-init.o)
 .ARM.attributes
                0x0000000000000164       0x1d c:/st/stm32cubeide_1.4.0/stm32cubeide/plugins/com.st.stm32cube.ide.mcu.externaltools.gnu-tools-for-stm32.7-2018-q2-update.win32_1.4.0.202007081208/tools/bin/../lib/gcc/arm-none-eabi/7.3.1/thumb/v7-m/crtn.o
OUTPUT(Drivers.elf elf32-littlearm)

.debug_info     0x0000000000000000     0x3585
 .debug_info    0x0000000000000000      0xdae STM32F103C6_Drivers/EXTI/STM32F103x8_EXTI_Driver.o
 .debug_info    0x0000000000000dae      0xd40 STM32F103C6_Drivers/GPIO/STM32F103x8_GPIO_Driver.o
 .debug_info    0x0000000000001aee      0xed0 STM32F103C6_Drivers/SPI/STM32F103x8_SPI_Driver.o
 .debug_info    0x00000000000029be      0xba5 Src/main.o
 .debug_info    0x0000000000003563       0x22 Startup/startup_stm32f103c6tx.o

.debug_abbrev   0x0000000000000000      0x81e
 .debug_abbrev  0x0000000000000000      0x224 STM32F103C6_Drivers/EXTI/STM32F103x8_EXTI_Driver.o
 .debug_abbrev  0x0000000000000224      0x1dc STM32F103C6_Drivers/GPIO/STM32F103x8_GPIO_Driver.o
 .debug_abbrev  0x0000000000000400      0x22f STM32F103C6_Drivers/SPI/STM32F103x8_SPI_Driver.o
 .debug_abbrev  0x000000000000062f      0x1dd Src/main.o
 .debug_abbrev  0x000000000000080c       0x12 Startup/startup_stm32f103c6tx.o

.debug_loc      0x0000000000000000      0xa28
 .debug_loc     0x0000000000000000      0x320 STM32F103C6_Drivers/EXTI/STM32F103x8_EXTI_Driver.o
 .debug_loc     0x0000000000000320      0x330 STM32F103C6_Drivers/GPIO/STM32F103x8_GPIO_Driver.o
 .debug_loc     0x0000000000000650      0x2bc STM32F103C6_Drivers/SPI/STM32F103x8_SPI_Driver.o
 .debug_loc     0x000000000000090c      0x11c Src/main.o

.debug_aranges  0x0000000000000000      0x198
 .debug_aranges
                0x0000000000000000       0x80 STM32F103C6_Drivers/EXTI/STM32F103x8_EXTI_Driver.o
 .debug_aranges
                0x0000000000000080       0x60 STM32F103C6_Drivers/GPIO/STM32F103x8_GPIO_Driver.o
 .debug_aranges
                0x00000000000000e0       0x58 STM32F103C6_Drivers/SPI/STM32F103x8_SPI_Driver.o
 .debug_aranges
                0x0000000000000138       0x38 Src/main.o
 .debug_aranges
                0x0000000000000170       0x28 Startup/startup_stm32f103c6tx.o

.debug_ranges   0x0000000000000000      0x150
 .debug_ranges  0x0000000000000000       0x70 STM32F103C6_Drivers/EXTI/STM32F103x8_EXTI_Driver.o
 .debug_ranges  0x0000000000000070       0x50 STM32F103C6_Drivers/GPIO/STM32F103x8_GPIO_Driver.o
 .debug_ranges  0x00000000000000c0       0x48 STM32F103C6_Drivers/SPI/STM32F103x8_SPI_Driver.o
 .debug_ranges  0x0000000000000108       0x28 Src/main.o
 .debug_ranges  0x0000000000000130       0x20 Startup/startup_stm32f103c6tx.o

.debug_macro    0x0000000000000000     0x2366
 .debug_macro   0x0000000000000000      0x14e STM32F103C6_Drivers/EXTI/STM32F103x8_EXTI_Driver.o
 .debug_macro   0x000000000000014e      0xa60 STM32F103C6_Drivers/EXTI/STM32F103x8_EXTI_Driver.o
 .debug_macro   0x0000000000000bae       0x18 STM32F103C6_Drivers/EXTI/STM32F103x8_EXTI_Driver.o
 .debug_macro   0x0000000000000bc6       0x22 STM32F103C6_Drivers/EXTI/STM32F103x8_EXTI_Driver.o
 .debug_macro   0x0000000000000be8       0x40 STM32F103C6_Drivers/EXTI/STM32F103x8_EXTI_Driver.o
 .debug_macro   0x0000000000000c28       0x94 STM32F103C6_Drivers/EXTI/STM32F103x8_EXTI_Driver.o
 .debug_macro   0x0000000000000cbc       0x3c STM32F103C6_Drivers/EXTI/STM32F103x8_EXTI_Driver.o
 .debug_macro   0x0000000000000cf8       0x34 STM32F103C6_Drivers/EXTI/STM32F103x8_EXTI_Driver.o
 .debug_macro   0x0000000000000d2c       0x16 STM32F103C6_Drivers/EXTI/STM32F103x8_EXTI_Driver.o
 .debug_macro   0x0000000000000d42      0x10e STM32F103C6_Drivers/EXTI/STM32F103x8_EXTI_Driver.o
 .debug_macro   0x0000000000000e50       0x8d STM32F103C6_Drivers/EXTI/STM32F103x8_EXTI_Driver.o
 .debug_macro   0x0000000000000edd       0x57 STM32F103C6_Drivers/EXTI/STM32F103x8_EXTI_Driver.o
 .debug_macro   0x0000000000000f34       0x52 STM32F103C6_Drivers/EXTI/STM32F103x8_EXTI_Driver.o
 .debug_macro   0x0000000000000f86       0x1f STM32F103C6_Drivers/EXTI/STM32F103x8_EXTI_Driver.o
 .debug_macro   0x0000000000000fa5       0x43 STM32F103C6_Drivers/EXTI/STM32F103x8_EXTI_Driver.o
 .debug_macro   0x0000000000000fe8       0x20 STM32F103C6_Drivers/EXTI/STM32F103x8_EXTI_Driver.o
 .debug_macro   0x0000000000001008      0x1a3 STM32F103C6_Drivers/EXTI/STM32F103x8_EXTI_Driver.o
 .debug_macro   0x00000000000011ab      0x330 STM32F103C6_Drivers/EXTI/STM32F103x8_EXTI_Driver.o
 .debug_macro   0x00000000000014db       0x16 STM32F103C6_Drivers/EXTI/STM32F103x8_EXTI_Driver.o
 .debug_macro   0x00000000000014f1       0x29 STM32F103C6_Drivers/EXTI/STM32F103x8_EXTI_Driver.o
 .debug_macro   0x000000000000151a       0xef STM32F103C6_Drivers/EXTI/STM32F103x8_EXTI_Driver.o
 .debug_macro   0x0000000000001609       0x6a STM32F103C6_Drivers/EXTI/STM32F103x8_EXTI_Driver.o
 .debug_macro   0x0000000000001673      0x1df STM32F103C6_Drivers/EXTI/STM32F103x8_EXTI_Driver.o
 .debug_macro   0x0000000000001852      0x2a0 STM32F103C6_Drivers/EXTI/STM32F103x8_EXTI_Driver.o
 .debug_macro   0x0000000000001af2       0xd0 STM32F103C6_Drivers/EXTI/STM32F103x8_EXTI_Driver.o
 .debug_macro   0x0000000000001bc2      0x22b STM32F103C6_Drivers/EXTI/STM32F103x8_EXTI_Driver.o
 .debug_macro   0x0000000000001ded      0x13f STM32F103C6_Drivers/GPIO/STM32F103x8_GPIO_Driver.o
 .debug_macro   0x0000000000001f2c       0xca STM32F103C6_Drivers/GPIO/STM32F103x8_GPIO_Driver.o
 .debug_macro   0x0000000000001ff6      0x160 STM32F103C6_Drivers/SPI/STM32F103x8_SPI_Driver.o
 .debug_macro   0x0000000000002156       0xd1 STM32F103C6_Drivers/SPI/STM32F103x8_SPI_Driver.o
 .debug_macro   0x0000000000002227      0x13f Src/main.o

.debug_line     0x0000000000000000     0x1a94
 .debug_line    0x0000000000000000      0x743 STM32F103C6_Drivers/EXTI/STM32F103x8_EXTI_Driver.o
 .debug_line    0x0000000000000743      0x68c STM32F103C6_Drivers/GPIO/STM32F103x8_GPIO_Driver.o
 .debug_line    0x0000000000000dcf      0x6a2 STM32F103C6_Drivers/SPI/STM32F103x8_SPI_Driver.o
 .debug_line    0x0000000000001471      0x59f Src/main.o
 .debug_line    0x0000000000001a10       0x84 Startup/startup_stm32f103c6tx.o

.debug_str      0x0000000000000000     0x9e5a
 .debug_str     0x0000000000000000     0x957d STM32F103C6_Drivers/EXTI/STM32F103x8_EXTI_Driver.o
                                       0x97ed (size before relaxing)
 .debug_str     0x000000000000957d      0x145 STM32F103C6_Drivers/GPIO/STM32F103x8_GPIO_Driver.o
                                       0x83c1 (size before relaxing)
 .debug_str     0x00000000000096c2      0x743 STM32F103C6_Drivers/SPI/STM32F103x8_SPI_Driver.o
                                       0x89eb (size before relaxing)
 .debug_str     0x0000000000009e05       0x24 Src/main.o
                                       0x82d9 (size before relaxing)
 .debug_str     0x0000000000009e29       0x31 Startup/startup_stm32f103c6tx.o
                                         0x64 (size before relaxing)

.comment        0x0000000000000000       0x7b
 .comment       0x0000000000000000       0x7b STM32F103C6_Drivers/EXTI/STM32F103x8_EXTI_Driver.o
                                         0x7c (size before relaxing)
 .comment       0x000000000000007b       0x7c STM32F103C6_Drivers/GPIO/STM32F103x8_GPIO_Driver.o
 .comment       0x000000000000007b       0x7c STM32F103C6_Drivers/SPI/STM32F103x8_SPI_Driver.o
 .comment       0x000000000000007b       0x7c Src/main.o

.debug_frame    0x0000000000000000      0x530
 .debug_frame   0x0000000000000000      0x1b0 STM32F103C6_Drivers/EXTI/STM32F103x8_EXTI_Driver.o
 .debug_frame   0x00000000000001b0      0x178 STM32F103C6_Drivers/GPIO/STM32F103x8_GPIO_Driver.o
 .debug_frame   0x0000000000000328      0x144 STM32F103C6_Drivers/SPI/STM32F103x8_SPI_Driver.o
 .debug_frame   0x000000000000046c       0x98 Src/main.o
 .debug_frame   0x0000000000000504       0x2c c:/st/stm32cubeide_1.4.0/stm32cubeide/plugins/com.st.stm32cube.ide.mcu.externaltools.gnu-tools-for-stm32.7-2018-q2-update.win32_1.4.0.202007081208/tools/bin/../lib/gcc/arm-none-eabi/7.3.1/../../../../arm-none-eabi/lib/thumb/v7-m\libc_nano.a(lib_a-init.o)
