
Memory Configuration

Name             Origin             Length             Attributes
flash            0x0000000008000000 0x0000000000020000 xr
sram             0x0000000020000000 0x0000000000005000 xrw
*default*        0x0000000000000000 0xffffffffffffffff

Linker script and memory map


.text           0x0000000008000000      0x120
 *(.vectors*)
 .vectors       0x0000000008000000       0x14 startup.o
                0x0000000008000000                vectors
 *(.text*)
 .text          0x0000000008000014       0x7c main.o
                0x0000000008000014                main
 .text          0x0000000008000090       0x90 startup.o
                0x0000000008000090                Rest_handler
                0x0000000008000114                MM_fault_handler
                0x0000000008000114                H_fault_handler
                0x0000000008000114                Default_handler
                0x0000000008000114                NMI_handler
 *(.rodata)
                0x0000000008000120                _E_text = .

.glue_7         0x0000000008000120        0x0
 .glue_7        0x0000000008000120        0x0 linker stubs

.glue_7t        0x0000000008000120        0x0
 .glue_7t       0x0000000008000120        0x0 linker stubs

.vfp11_veneer   0x0000000008000120        0x0
 .vfp11_veneer  0x0000000008000120        0x0 linker stubs

.v4_bx          0x0000000008000120        0x0
 .v4_bx         0x0000000008000120        0x0 linker stubs

.iplt           0x0000000008000120        0x0
 .iplt          0x0000000008000120        0x0 main.o

.rel.dyn        0x0000000008000120        0x0
 .rel.iplt      0x0000000008000120        0x0 main.o

.data           0x0000000020000000        0x0 load address 0x0000000008000120
                0x0000000020000000                _S_data = .
 *(.data)
 .data          0x0000000020000000        0x0 main.o
 .data          0x0000000020000000        0x0 startup.o
                0x0000000020000000                _E_data = .

.igot.plt       0x0000000020000000        0x0 load address 0x0000000008000120
 .igot.plt      0x0000000020000000        0x0 main.o

.bss            0x0000000020000000        0x0 load address 0x0000000008000120
                0x0000000020000000                _S_bss = .
 *(.bss*)
 .bss           0x0000000020000000        0x0 main.o
 .bss           0x0000000020000000        0x0 startup.o
                0x0000000020001000                _E_bss = (. + 0x1000)
                0x0000000020000000                _stack_top = .
LOAD main.o
LOAD startup.o
OUTPUT(learn-in-depth_cortexM3.elf elf32-littlearm)

.debug_info     0x0000000000000000      0x25e
 .debug_info    0x0000000000000000       0xcd main.o
 .debug_info    0x00000000000000cd      0x191 startup.o

.debug_abbrev   0x0000000000000000      0x14c
 .debug_abbrev  0x0000000000000000       0x74 main.o
 .debug_abbrev  0x0000000000000074       0xd8 startup.o

.debug_loc      0x0000000000000000       0xb4
 .debug_loc     0x0000000000000000       0x38 main.o
 .debug_loc     0x0000000000000038       0x7c startup.o

.debug_aranges  0x0000000000000000       0x40
 .debug_aranges
                0x0000000000000000       0x20 main.o
 .debug_aranges
                0x0000000000000020       0x20 startup.o

.debug_line     0x0000000000000000      0x3d3
 .debug_line    0x0000000000000000      0x1e1 main.o
 .debug_line    0x00000000000001e1      0x1f2 startup.o

.debug_str      0x0000000000000000      0x1a5
 .debug_str     0x0000000000000000      0x124 main.o
                                        0x161 (size before relaxing)
 .debug_str     0x0000000000000124       0x81 startup.o
                                        0x1d6 (size before relaxing)

.comment        0x0000000000000000       0x7b
 .comment       0x0000000000000000       0x7b main.o
                                         0x7c (size before relaxing)
 .comment       0x000000000000007b       0x7c startup.o

.ARM.attributes
                0x0000000000000000       0x33
 .ARM.attributes
                0x0000000000000000       0x33 main.o
 .ARM.attributes
                0x0000000000000033       0x33 startup.o

.debug_frame    0x0000000000000000       0x7c
 .debug_frame   0x0000000000000000       0x2c main.o
 .debug_frame   0x000000000000002c       0x50 startup.o
