STM32F103x8_EXTI_Driver.c:42:13:Enable_NVIC	16	static
STM32F103x8_EXTI_Driver.c:84:13:Disable_NVIC	16	static
STM32F103x8_EXTI_Driver.c:127:13:Update_EXTI	24	static
STM32F103x8_EXTI_Driver.c:208:6:MCAL_EXTI_GPIO_Init	16	static
STM32F103x8_EXTI_Driver.c:219:6:MCAL_EXTI_GPIO_DeInit	4	static
STM32F103x8_EXTI_Driver.c:249:6:MCAL_EXTI_GPIO_Update	16	static
STM32F103x8_EXTI_Driver.c:258:6:EXTI0_IRQHandler	8	static
STM32F103x8_EXTI_Driver.c:266:6:EXTI1_IRQHandler	8	static
STM32F103x8_EXTI_Driver.c:275:6:EXTI2_IRQHandler	8	static
STM32F103x8_EXTI_Driver.c:283:6:EXTI3_IRQHandler	8	static
STM32F103x8_EXTI_Driver.c:291:6:EXTI4_IRQHandler	8	static
STM32F103x8_EXTI_Driver.c:299:6:EXTI9_5_IRQHandler	8	static
STM32F103x8_EXTI_Driver.c:307:6:EXTI15_10_IRQHandler	8	static
